Archive member included because of file (symbol)

c:/program files (x86)/atmel/studio/7.0/toolchain/arm/arm-gnu-toolchain/bin/../lib/gcc/arm-none-eabi/4.9.3/armv7e-m\libgcc.a(_arm_addsubdf3.o)
                              src/example.o (__aeabi_f2d)
c:/program files (x86)/atmel/studio/7.0/toolchain/arm/arm-gnu-toolchain/bin/../lib/gcc/arm-none-eabi/4.9.3/armv7e-m\libgcc.a(_arm_muldivdf3.o)
                              src/example.o (__aeabi_dmul)
c:/program files (x86)/atmel/studio/7.0/toolchain/arm/arm-gnu-toolchain/bin/../lib/gcc/arm-none-eabi/4.9.3/armv7e-m\libgcc.a(_arm_fixdfsi.o)
                              src/example.o (__aeabi_d2iz)
c:/program files (x86)/atmel/studio/7.0/toolchain/arm/arm-gnu-toolchain/bin/../lib/gcc/arm-none-eabi/4.9.3/armv7e-m\libgcc.a(_arm_addsubsf3.o)
                              src/example.o (__aeabi_ui2f)
c:/program files (x86)/atmel/studio/7.0/toolchain/arm/arm-gnu-toolchain/bin/../lib/gcc/arm-none-eabi/4.9.3/../../../../arm-none-eabi/lib/armv7e-m\libc.a(lib_a-exit.o)
                              c:/program files (x86)/atmel/studio/7.0/toolchain/arm/arm-gnu-toolchain/bin/../lib/gcc/arm-none-eabi/4.9.3/../../../../arm-none-eabi/lib/armv7e-m/crt0.o (exit)
c:/program files (x86)/atmel/studio/7.0/toolchain/arm/arm-gnu-toolchain/bin/../lib/gcc/arm-none-eabi/4.9.3/../../../../arm-none-eabi/lib/armv7e-m\libc.a(lib_a-impure.o)
                              c:/program files (x86)/atmel/studio/7.0/toolchain/arm/arm-gnu-toolchain/bin/../lib/gcc/arm-none-eabi/4.9.3/../../../../arm-none-eabi/lib/armv7e-m\libc.a(lib_a-exit.o) (_global_impure_ptr)
c:/program files (x86)/atmel/studio/7.0/toolchain/arm/arm-gnu-toolchain/bin/../lib/gcc/arm-none-eabi/4.9.3/../../../../arm-none-eabi/lib/armv7e-m\libc.a(lib_a-init.o)
                              c:/program files (x86)/atmel/studio/7.0/toolchain/arm/arm-gnu-toolchain/bin/../lib/gcc/arm-none-eabi/4.9.3/../../../../arm-none-eabi/lib/armv7e-m/crt0.o (__libc_init_array)
c:/program files (x86)/atmel/studio/7.0/toolchain/arm/arm-gnu-toolchain/bin/../lib/gcc/arm-none-eabi/4.9.3/../../../../arm-none-eabi/lib/armv7e-m\libc.a(lib_a-iprintf.o)
                              src/ASF/sam/utils/syscalls/gcc/syscalls.o (iprintf)
c:/program files (x86)/atmel/studio/7.0/toolchain/arm/arm-gnu-toolchain/bin/../lib/gcc/arm-none-eabi/4.9.3/../../../../arm-none-eabi/lib/armv7e-m\libc.a(lib_a-memset.o)
                              c:/program files (x86)/atmel/studio/7.0/toolchain/arm/arm-gnu-toolchain/bin/../lib/gcc/arm-none-eabi/4.9.3/../../../../arm-none-eabi/lib/armv7e-m/crt0.o (memset)
c:/program files (x86)/atmel/studio/7.0/toolchain/arm/arm-gnu-toolchain/bin/../lib/gcc/arm-none-eabi/4.9.3/../../../../arm-none-eabi/lib/armv7e-m\libc.a(lib_a-setbuf.o)
                              src/example.o (setbuf)
c:/program files (x86)/atmel/studio/7.0/toolchain/arm/arm-gnu-toolchain/bin/../lib/gcc/arm-none-eabi/4.9.3/../../../../arm-none-eabi/lib/armv7e-m\libc.a(lib_a-setvbuf.o)
                              c:/program files (x86)/atmel/studio/7.0/toolchain/arm/arm-gnu-toolchain/bin/../lib/gcc/arm-none-eabi/4.9.3/../../../../arm-none-eabi/lib/armv7e-m\libc.a(lib_a-setbuf.o) (setvbuf)
c:/program files (x86)/atmel/studio/7.0/toolchain/arm/arm-gnu-toolchain/bin/../lib/gcc/arm-none-eabi/4.9.3/../../../../arm-none-eabi/lib/armv7e-m\libc.a(lib_a-sprintf.o)
                              src/example.o (sprintf)
c:/program files (x86)/atmel/studio/7.0/toolchain/arm/arm-gnu-toolchain/bin/../lib/gcc/arm-none-eabi/4.9.3/../../../../arm-none-eabi/lib/armv7e-m\libc.a(lib_a-strcpy.o)
                              src/example.o (strcpy)
c:/program files (x86)/atmel/studio/7.0/toolchain/arm/arm-gnu-toolchain/bin/../lib/gcc/arm-none-eabi/4.9.3/../../../../arm-none-eabi/lib/armv7e-m\libc.a(lib_a-strncmp.o)
                              src/example.o (strncmp)
c:/program files (x86)/atmel/studio/7.0/toolchain/arm/arm-gnu-toolchain/bin/../lib/gcc/arm-none-eabi/4.9.3/../../../../arm-none-eabi/lib/armv7e-m\libc.a(lib_a-svfprintf.o)
                              c:/program files (x86)/atmel/studio/7.0/toolchain/arm/arm-gnu-toolchain/bin/../lib/gcc/arm-none-eabi/4.9.3/../../../../arm-none-eabi/lib/armv7e-m\libc.a(lib_a-sprintf.o) (_svfprintf_r)
c:/program files (x86)/atmel/studio/7.0/toolchain/arm/arm-gnu-toolchain/bin/../lib/gcc/arm-none-eabi/4.9.3/../../../../arm-none-eabi/lib/armv7e-m\libc.a(lib_a-vfiprintf.o)
                              c:/program files (x86)/atmel/studio/7.0/toolchain/arm/arm-gnu-toolchain/bin/../lib/gcc/arm-none-eabi/4.9.3/../../../../arm-none-eabi/lib/armv7e-m\libc.a(lib_a-iprintf.o) (_vfiprintf_r)
c:/program files (x86)/atmel/studio/7.0/toolchain/arm/arm-gnu-toolchain/bin/../lib/gcc/arm-none-eabi/4.9.3/../../../../arm-none-eabi/lib/armv7e-m\libc.a(lib_a-wsetup.o)
[...]
Memory Configuration

Name             Origin             Length             Attributes
rom              0x00400000         0x00100000         xr
ram              0x20000000         0x00020000         xrw
*default*        0x00000000         0xffffffff

Linker script and memory map

LOAD c:/program files (x86)/atmel/studio/7.0/toolchain/arm/arm-gnu-toolchain/bin/../lib/gcc/arm-none-eabi/4.9.3/armv7e-m/crti.o
LOAD c:/program files (x86)/atmel/studio/7.0/toolchain/arm/arm-gnu-toolchain/bin/../lib/gcc/arm-none-eabi/4.9.3/armv7e-m/crtbegin.o
LOAD c:/program files (x86)/atmel/studio/7.0/toolchain/arm/arm-gnu-toolchain/bin/../lib/gcc/arm-none-eabi/4.9.3/../../../../arm-none-eabi/lib/armv7e-m/crt0.o
LOAD src/ASF/common/components/memory/sd_mmc/sd_mmc.o
LOAD src/ASF/common/components/memory/sd_mmc/sd_mmc_mem.o
LOAD src/ASF/common/services/clock/sam4s/sysclk.o
LOAD src/ASF/common/services/delay/sam/cycle_counter.o
LOAD src/ASF/common/services/serial/usart_serial.o
LOAD src/ASF/common/services/storage/ctrl_access/ctrl_access.o
LOAD src/ASF/common/utils/interrupt/interrupt_sam_nvic.o
LOAD src/ASF/common/utils/stdio/read.o
LOAD src/ASF/common/utils/stdio/write.o
LOAD src/ASF/sam/boards/sam4s_ek/init.o
LOAD src/ASF/sam/boards/sam4s_ek/led.o
LOAD src/ASF/sam/drivers/dacc/dacc.o
LOAD src/ASF/sam/drivers/hsmci/hsmci.o
LOAD src/ASF/sam/drivers/pdc/pdc.o
LOAD src/ASF/sam/drivers/pio/pio.o
LOAD src/ASF/sam/drivers/pio/pio_handler.o
LOAD src/ASF/sam/drivers/pmc/pmc.o
LOAD src/ASF/sam/drivers/pmc/sleep.o
LOAD src/ASF/sam/drivers/rtc/rtc.o
LOAD src/ASF/sam/drivers/uart/uart.o
LOAD src/ASF/sam/drivers/usart/usart.o
LOAD src/ASF/sam/utils/cmsis/sam4s/source/templates/gcc/startup_sam4s.o
LOAD src/ASF/sam/utils/cmsis/sam4s/source/templates/system_sam4s.o
LOAD src/ASF/sam/utils/syscalls/gcc/syscalls.o
LOAD src/ASF/thirdparty/fatfs/fatfs-port-r0.09/diskio.o
LOAD src/ASF/thirdparty/fatfs/fatfs-port-r0.09/sam/fattime_rtc.o
LOAD src/ASF/thirdparty/fatfs/fatfs-r0.09/src/ff.o
LOAD src/ASF/thirdparty/fatfs/fatfs-r0.09/src/option/ccsbcs.o
LOAD src/example.o
START GROUP
LOAD ../src/ASF/thirdparty/CMSIS/Lib/GCC\libarm_cortexM4l_math.a
LOAD c:/program files (x86)/atmel/studio/7.0/toolchain/arm/arm-gnu-toolchain/bin/../lib/gcc/arm-none-eabi/4.9.3/../../../../arm-none-eabi/lib/armv7e-m\libm.a
END GROUP
START GROUP
LOAD c:/program files (x86)/atmel/studio/7.0/toolchain/arm/arm-gnu-toolchain/bin/../lib/gcc/arm-none-eabi/4.9.3/armv7e-m\libgcc.a
LOAD c:/program files (x86)/atmel/studio/7.0/toolchain/arm/arm-gnu-toolchain/bin/../lib/gcc/arm-none-eabi/4.9.3/../../../../arm-none-eabi/lib/armv7e-m\libc.a
END GROUP
LOAD c:/program files (x86)/atmel/studio/7.0/toolchain/arm/arm-gnu-toolchain/bin/../lib/gcc/arm-none-eabi/4.9.3/armv7e-m/crtend.o
LOAD c:/program files (x86)/atmel/studio/7.0/toolchain/arm/arm-gnu-toolchain/bin/../lib/gcc/arm-none-eabi/4.9.3/armv7e-m/crtn.o
                0x00003000                __stack_size__ = DEFINED (__stack_size__)?__stack_size__:0x3000
                0x2001fffc                __ram_end__ = ((ORIGIN (ram) + 0x20000) - 0x4)

.text           0x00400000     0xb0f4
                0x00400000                . = ALIGN (0x4)
                0x00400000                _sfixed = .
 *(.vectors .vectors.*)
 .vectors       0x00400000       0xcc src/ASF/sam/utils/cmsis/sam4s/source/templates/gcc/startup_sam4s.o
                0x00400000                exception_table
 *(.text .text.* .gnu.linkonce.t.*)
 .text          0x004000cc       0x5c c:/program files (x86)/atmel/studio/7.0/toolchain/arm/arm-gnu-toolchain/bin/../lib/gcc/arm-none-eabi/4.9.3/armv7e-m/crtbegin.o
 .text.sd_mmc_configure_slot
                0x00400128       0x2c src/ASF/common/components/memory/sd_mmc/sd_mmc.o
 .text.sd_mmc_cmd9_mci
                0x00400154       0x30 src/ASF/common/components/memory/sd_mmc/sd_mmc.o
 .text.sd_mmc_deselect_slot
                0x00400184       0x18 src/ASF/common/components/memory/sd_mmc/sd_mmc.o
 .text.sd_mmc_select_slot
                0x0040019c      0x100 src/ASF/common/components/memory/sd_mmc/sd_mmc.o
 .text.sd_mmc_init
                0x0040029c       0x20 src/ASF/common/components/memory/sd_mmc/sd_mmc.o
                0x0040029c                sd_mmc_init
 .text.sd_mmc_check
                0x004002bc      0x67c src/ASF/common/components/memory/sd_mmc/sd_mmc.o
                0x004002bc                sd_mmc_check
 .text.sd_mmc_get_type
                0x00400938       0x24 src/ASF/common/components/memory/sd_mmc/sd_mmc.o
                0x00400938                sd_mmc_get_type
 .text.sd_mmc_get_capacity
                0x0040095c       0x24 src/ASF/common/components/memory/sd_mmc/sd_mmc.o
                0x0040095c                sd_mmc_get_capacity
 .text.sd_mmc_is_write_protected
                0x00400980        0x4 src/ASF/common/components/memory/sd_mmc/sd_mmc.o
                0x00400980                sd_mmc_is_write_protected
 .text.sd_mmc_init_read_blocks
                0x00400984       0xd0 src/ASF/common/components/memory/sd_mmc/sd_mmc.o
                0x00400984                sd_mmc_init_read_blocks
 .text.sd_mmc_start_read_blocks
                0x00400a54       0x28 src/ASF/common/components/memory/sd_mmc/sd_mmc.o
                0x00400a54                sd_mmc_start_read_blocks
 .text.sd_mmc_wait_end_of_read_blocks
                0x00400a7c       0x64 src/ASF/common/components/memory/sd_mmc/sd_mmc.o
                0x00400a7c                sd_mmc_wait_end_of_read_blocks
 .text.sd_mmc_init_write_blocks
                0x00400ae0       0x8c src/ASF/common/components/memory/sd_mmc/sd_mmc.o
                0x00400ae0                sd_mmc_init_write_blocks
 .text.sd_mmc_start_write_blocks
                0x00400b6c       0x28 src/ASF/common/components/memory/sd_mmc/sd_mmc.o
                0x00400b6c                sd_mmc_start_write_blocks
 .text.sd_mmc_wait_end_of_write_blocks
                0x00400b94       0x64 src/ASF/common/components/memory/sd_mmc/sd_mmc.o
                0x00400b94                sd_mmc_wait_end_of_write_blocks
 .text.sd_mmc_test_unit_ready
                0x00400bf8       0x50 src/ASF/common/components/memory/sd_mmc/sd_mmc_mem.o
                0x00400bf8                sd_mmc_test_unit_ready
 .text.sd_mmc_test_unit_ready_0
                0x00400c48       0x10 src/ASF/common/components/memory/sd_mmc/sd_mmc_mem.o
                0x00400c48                sd_mmc_test_unit_ready_0
 .text.sd_mmc_read_capacity
                0x00400c58       0x20 src/ASF/common/components/memory/sd_mmc/sd_mmc_mem.o
                0x00400c58                sd_mmc_read_capacity
 .text.sd_mmc_read_capacity_0
                0x00400c78       0x10 src/ASF/common/components/memory/sd_mmc/sd_mmc_mem.o
                0x00400c78                sd_mmc_read_capacity_0
 .text.sd_mmc_wr_protect_0
                0x00400c88       0x10 src/ASF/common/components/memory/sd_mmc/sd_mmc_mem.o
                0x00400c88                sd_mmc_wr_protect_0
 .text.sd_mmc_mem_2_ram
                0x00400c98       0x3c src/ASF/common/components/memory/sd_mmc/sd_mmc_mem.o
                0x00400c98                sd_mmc_mem_2_ram
 .text.sd_mmc_mem_2_ram_0
                0x00400cd4       0x14 src/ASF/common/components/memory/sd_mmc/sd_mmc_mem.o
                0x00400cd4                sd_mmc_mem_2_ram_0
 .text.sd_mmc_ram_2_mem
                0x00400ce8       0x3c src/ASF/common/components/memory/sd_mmc/sd_mmc_mem.o
                0x00400ce8                sd_mmc_ram_2_mem
 .text.sd_mmc_ram_2_mem_0
                0x00400d24       0x14 src/ASF/common/components/memory/sd_mmc/sd_mmc_mem.o
                0x00400d24                sd_mmc_ram_2_mem_0
 .text.sysclk_init
                0x00400d38       0x64 src/ASF/common/services/clock/sam4s/sysclk.o
                0x00400d38                sysclk_init
 .text.mem_test_unit_ready
                0x00400d9c       0x14 src/ASF/common/services/storage/ctrl_access/ctrl_access.o
                0x00400d9c                mem_test_unit_ready
 .text.mem_read_capacity
                0x00400db0       0x14 src/ASF/common/services/storage/ctrl_access/ctrl_access.o
                0x00400db0                mem_read_capacity
 .text.mem_sector_size
                0x00400dc4        0x8 src/ASF/common/services/storage/ctrl_access/ctrl_access.o
                0x00400dc4                mem_sector_size
 .text.mem_wr_protect
                0x00400dcc       0x14 src/ASF/common/services/storage/ctrl_access/ctrl_access.o
                0x00400dcc                mem_wr_protect
 .text.memory_2_ram
                0x00400de0       0x18 src/ASF/common/services/storage/ctrl_access/ctrl_access.o
                0x00400de0                memory_2_ram
 .text.ram_2_memory
                0x00400df8       0x18 src/ASF/common/services/storage/ctrl_access/ctrl_access.o
                0x00400df8                ram_2_memory
 .text._read    0x00400e10       0x3c src/ASF/common/utils/stdio/read.o
                0x00400e10                _read
 .text._write   0x00400e4c       0x50 src/ASF/common/utils/stdio/write.o
                0x00400e4c                _write
 .text.board_init
                0x00400e9c       0x9c src/ASF/sam/boards/sam4s_ek/init.o
                0x00400e9c                board_init
 .text.dacc_reset
                0x00400f38        0x8 src/ASF/sam/drivers/dacc/dacc.o
                0x00400f38                dacc_reset
 .text.dacc_set_transfer_mode
                0x00400f40       0x28 src/ASF/sam/drivers/dacc/dacc.o
                0x00400f40                dacc_set_transfer_mode
 .text.dacc_write_conversion_data
                0x00400f68        0x4 src/ASF/sam/drivers/dacc/dacc.o
                0x00400f68                dacc_write_conversion_data
 .text.dacc_set_channel_selection
                0x00400f6c       0x18 src/ASF/sam/drivers/dacc/dacc.o
                0x00400f6c                dacc_set_channel_selection
 .text.dacc_set_timing
                0x00400f84       0x30 src/ASF/sam/drivers/dacc/dacc.o
                0x00400f84                dacc_set_timing
 .text.dacc_enable_channel
                0x00400fb4       0x14 src/ASF/sam/drivers/dacc/dacc.o
                0x00400fb4                dacc_enable_channel
 .text.dacc_set_analog_control
                0x00400fc8        0x8 src/ASF/sam/drivers/dacc/dacc.o
                0x00400fc8                dacc_set_analog_control
 .text.hsmci_reset
                0x00400fd0       0x28 src/ASF/sam/drivers/hsmci/hsmci.o
 .text.hsmci_send_cmd_execute
                0x00400ff8       0xa0 src/ASF/sam/drivers/hsmci/hsmci.o
 .text.hsmci_init
                0x00401098       0x28 src/ASF/sam/drivers/hsmci/hsmci.o
                0x00401098                hsmci_init
 .text.hsmci_get_bus_width
                0x004010c0        0xc src/ASF/sam/drivers/hsmci/hsmci.o
                0x004010c0                hsmci_get_bus_width
 .text.hsmci_is_high_speed_capable
                0x004010cc        0x4 src/ASF/sam/drivers/hsmci/hsmci.o
                0x004010cc                hsmci_is_high_speed_capable
 .text.hsmci_select_device
                0x004010d0       0x70 src/ASF/sam/drivers/hsmci/hsmci.o
                0x004010d0                hsmci_select_device
 .text.hsmci_deselect_device
                0x00401140        0x4 src/ASF/sam/drivers/hsmci/hsmci.o
                0x00401140                hsmci_deselect_device
 .text.hsmci_send_clock
                0x00401144       0x24 src/ASF/sam/drivers/hsmci/hsmci.o
                0x00401144                hsmci_send_clock
 .text.hsmci_send_cmd
                0x00401168       0x2c src/ASF/sam/drivers/hsmci/hsmci.o
                0x00401168                hsmci_send_cmd
 .text.hsmci_get_response
                0x00401194        0x8 src/ASF/sam/drivers/hsmci/hsmci.o
                0x00401194                hsmci_get_response
 .text.hsmci_get_response_128
                0x0040119c       0x30 src/ASF/sam/drivers/hsmci/hsmci.o
                0x0040119c                hsmci_get_response_128
 .text.hsmci_adtc_start
                0x004011cc       0xd0 src/ASF/sam/drivers/hsmci/hsmci.o
                0x004011cc                hsmci_adtc_start
 .text.hsmci_read_word
                0x0040129c       0x74 src/ASF/sam/drivers/hsmci/hsmci.o
                0x0040129c                hsmci_read_word
 .text.hsmci_start_read_blocks
                0x00401310       0x68 src/ASF/sam/drivers/hsmci/hsmci.o
                0x00401310                hsmci_start_read_blocks
 .text.hsmci_wait_end_of_read_blocks
                0x00401378       0x74 src/ASF/sam/drivers/hsmci/hsmci.o
                0x00401378                hsmci_wait_end_of_read_blocks
 .text.hsmci_start_write_blocks
                0x004013ec       0x6c src/ASF/sam/drivers/hsmci/hsmci.o
                0x004013ec                hsmci_start_write_blocks
 .text.hsmci_wait_end_of_write_blocks
                0x00401458       0x74 src/ASF/sam/drivers/hsmci/hsmci.o
                0x00401458                hsmci_wait_end_of_write_blocks
 .text.pio_set_peripheral
                0x004014cc       0x94 src/ASF/sam/drivers/pio/pio.o
                0x004014cc                pio_set_peripheral
 .text.pio_set_input
                0x00401560       0x34 src/ASF/sam/drivers/pio/pio.o
                0x00401560                pio_set_input
 .text.pio_set_output
                0x00401594       0x28 src/ASF/sam/drivers/pio/pio.o
                0x00401594                pio_set_output
 .text.pio_get_interrupt_status
                0x004015bc        0x4 src/ASF/sam/drivers/pio/pio.o
                0x004015bc                pio_get_interrupt_status
 .text.pio_get_interrupt_mask
                0x004015c0        0x4 src/ASF/sam/drivers/pio/pio.o
                0x004015c0                pio_get_interrupt_mask
 .text.pio_configure_pin
                0x004015c4      0x124 src/ASF/sam/drivers/pio/pio.o
                0x004015c4                pio_configure_pin
 .text.pio_configure_pin_group
                0x004016e8       0xdc src/ASF/sam/drivers/pio/pio.o
                0x004016e8                pio_configure_pin_group
 .text.pio_handler_process
                0x004017c4       0x68 src/ASF/sam/drivers/pio/pio_handler.o
                0x004017c4                pio_handler_process
 .text.PIOA_Handler
                0x0040182c       0x14 src/ASF/sam/drivers/pio/pio_handler.o
                0x0040182c                PIOA_Handler
 .text.PIOB_Handler
                0x00401840       0x14 src/ASF/sam/drivers/pio/pio_handler.o
                0x00401840                PIOB_Handler
 .text.PIOC_Handler
                0x00401854       0x14 src/ASF/sam/drivers/pio/pio_handler.o
                0x00401854                PIOC_Handler
 .text.pmc_switch_mck_to_pllack
                0x00401868       0x68 src/ASF/sam/drivers/pmc/pmc.o
                0x00401868                pmc_switch_mck_to_pllack
 .text.pmc_switch_mainck_to_xtal
                0x004018d0       0x54 src/ASF/sam/drivers/pmc/pmc.o
                0x004018d0                pmc_switch_mainck_to_xtal
 .text.pmc_osc_is_ready_mainck
                0x00401924       0x10 src/ASF/sam/drivers/pmc/pmc.o
                0x00401924                pmc_osc_is_ready_mainck
 .text.pmc_disable_pllack
                0x00401934       0x10 src/ASF/sam/drivers/pmc/pmc.o
                0x00401934                pmc_disable_pllack
 .text.pmc_is_locked_pllack
                0x00401944       0x10 src/ASF/sam/drivers/pmc/pmc.o
                0x00401944                pmc_is_locked_pllack
 .text.pmc_enable_periph_clk
                0x00401954       0x54 src/ASF/sam/drivers/pmc/pmc.o
                0x00401954                pmc_enable_periph_clk
 .text.rtc_set_hour_mode
                0x004019a8       0x18 src/ASF/sam/drivers/rtc/rtc.o
                0x004019a8                rtc_set_hour_mode
 .text.rtc_get_time
                0x004019c0       0x60 src/ASF/sam/drivers/rtc/rtc.o
                0x004019c0                rtc_get_time
 .text.rtc_get_date
                0x00401a20       0x78 src/ASF/sam/drivers/rtc/rtc.o
                0x00401a20                rtc_get_date
 .text.uart_init
                0x00401a98       0x38 src/ASF/sam/drivers/uart/uart.o
                0x00401a98                uart_init
 .text.uart_enable_interrupt
                0x00401ad0        0x4 src/ASF/sam/drivers/uart/uart.o
                0x00401ad0                uart_enable_interrupt
 .text.uart_get_status
                0x00401ad4        0x4 src/ASF/sam/drivers/uart/uart.o
                0x00401ad4                uart_get_status
 .text.uart_write
                0x00401ad8       0x10 src/ASF/sam/drivers/uart/uart.o
                0x00401ad8                uart_write
 .text.uart_read
                0x00401ae8       0x14 src/ASF/sam/drivers/uart/uart.o
                0x00401ae8                uart_read
 .text.usart_write
                0x00401afc       0x14 src/ASF/sam/drivers/usart/usart.o
                0x00401afc                usart_write
 .text.usart_read
                0x00401b10       0x18 src/ASF/sam/drivers/usart/usart.o
                0x00401b10                usart_read
 .text.Dummy_Handler
                0x00401b28        0x4 src/ASF/sam/utils/cmsis/sam4s/source/templates/gcc/startup_sam4s.o
                0x00401b28                DACC_Handler
                0x00401b28                DebugMon_Handler
                0x00401b28                HardFault_Handler
                0x00401b28                TC2_Handler
                0x00401b28                SPI_Handler
                0x00401b28                TWI1_Handler
                0x00401b28                PendSV_Handler
                0x00401b28                NMI_Handler
                0x00401b28                ADC_Handler
                0x00401b28                CRCCU_Handler
                0x00401b28                USART0_Handler
                0x00401b28                RTT_Handler
                0x00401b28                RTC_Handler
                0x00401b28                UsageFault_Handler
                0x00401b28                WDT_Handler
                0x00401b28                TC4_Handler
                0x00401b28                TC1_Handler
                0x00401b28                HSMCI_Handler
                0x00401b28                UART1_Handler
                0x00401b28                TC3_Handler
                0x00401b28                Dummy_Handler
                0x00401b28                TWI0_Handler
                0x00401b28                USART1_Handler
                0x00401b28                SSC_Handler
                0x00401b28                EFC0_Handler
                0x00401b28                ACC_Handler
                0x00401b28                PMC_Handler
                0x00401b28                PWM_Handler
                0x00401b28                MemManage_Handler
                0x00401b28                SUPC_Handler
                0x00401b28                SVC_Handler
                0x00401b28                UDP_Handler
                0x00401b28                BusFault_Handler
                0x00401b28                RSTC_Handler
                0x00401b28                TC0_Handler
                0x00401b28                TC5_Handler
 .text.Reset_Handler
                0x00401b2c       0xb0 src/ASF/sam/utils/cmsis/sam4s/source/templates/gcc/startup_sam4s.o
                0x00401b2c                Reset_Handler
 .text.SystemCoreClockUpdate
                0x00401bdc      0x114 src/ASF/sam/utils/cmsis/sam4s/source/templates/system_sam4s.o
                0x00401bdc                SystemCoreClockUpdate
 .text.system_init_flash
                0x00401cf0       0x74 src/ASF/sam/utils/cmsis/sam4s/source/templates/system_sam4s.o
                0x00401cf0                system_init_flash
 .text._sbrk    0x00401d64       0x34 src/ASF/sam/utils/syscalls/gcc/syscalls.o
                0x00401d64                _sbrk
 .text._close   0x00401d98        0x8 src/ASF/sam/utils/syscalls/gcc/syscalls.o
                0x00401d98                _close
 .text._fstat   0x00401da0        0xc src/ASF/sam/utils/syscalls/gcc/syscalls.o
                0x00401da0                _fstat
 .text._isatty  0x00401dac        0x4 src/ASF/sam/utils/syscalls/gcc/syscalls.o
                0x00401dac                _isatty
 .text._lseek   0x00401db0        0x4 src/ASF/sam/utils/syscalls/gcc/syscalls.o
                0x00401db0                _lseek
 .text.disk_initialize
                0x00401db4       0x54 src/ASF/thirdparty/fatfs/fatfs-port-r0.09/diskio.o
                0x00401db4                disk_initialize
 .text.disk_status
                0x00401e08       0x1c src/ASF/thirdparty/fatfs/fatfs-port-r0.09/diskio.o
                0x00401e08                disk_status
 .text.disk_read
                0x00401e24       0x74 src/ASF/thirdparty/fatfs/fatfs-port-r0.09/diskio.o
                0x00401e24                disk_read
 .text.disk_write
                0x00401e98       0x74 src/ASF/thirdparty/fatfs/fatfs-port-r0.09/diskio.o
                0x00401e98                disk_write
 .text.disk_ioctl
                0x00401f0c       0x68 src/ASF/thirdparty/fatfs/fatfs-port-r0.09/diskio.o
                0x00401f0c                disk_ioctl
 .text.get_fattime
                0x00401f74       0x58 src/ASF/thirdparty/fatfs/fatfs-port-r0.09/sam/fattime_rtc.o
                0x00401f74                get_fattime
 .text.mem_cpy  0x00401fcc       0x14 src/ASF/thirdparty/fatfs/fatfs-r0.09/src/ff.o
 .text.mem_set  0x00401fe0       0x10 src/ASF/thirdparty/fatfs/fatfs-r0.09/src/ff.o
 .text.clust2sect
                0x00401ff0       0x18 src/ASF/thirdparty/fatfs/fatfs-r0.09/src/ff.o
 .text.sum_sfn  0x00402008       0x20 src/ASF/thirdparty/fatfs/fatfs-r0.09/src/ff.o
 .text.validate
                0x00402028       0x34 src/ASF/thirdparty/fatfs/fatfs-r0.09/src/ff.o
 .text.check_fs
                0x0040205c       0x90 src/ASF/thirdparty/fatfs/fatfs-r0.09/src/ff.o
 .text.chk_mounted
                0x004020ec      0x390 src/ASF/thirdparty/fatfs/fatfs-r0.09/src/ff.o
 .text.move_window
                0x0040247c       0x90 src/ASF/thirdparty/fatfs/fatfs-r0.09/src/ff.o
 .text.get_fat  0x0040250c       0xf0 src/ASF/thirdparty/fatfs/fatfs-r0.09/src/ff.o
 .text.dir_sdi  0x004025fc       0xa0 src/ASF/thirdparty/fatfs/fatfs-r0.09/src/ff.o
 .text.put_fat  0x0040269c      0x140 src/ASF/thirdparty/fatfs/fatfs-r0.09/src/ff.o
 .text.create_chain
                0x004027dc       0xd4 src/ASF/thirdparty/fatfs/fatfs-r0.09/src/ff.o
 .text.remove_chain
                0x004028b0       0x7c src/ASF/thirdparty/fatfs/fatfs-r0.09/src/ff.o
 .text.dir_next
                0x0040292c      0x140 src/ASF/thirdparty/fatfs/fatfs-r0.09/src/ff.o
 .text.dir_find
                0x00402a6c      0x1b0 src/ASF/thirdparty/fatfs/fatfs-r0.09/src/ff.o
 .text.dir_register
                0x00402c1c      0x2d8 src/ASF/thirdparty/fatfs/fatfs-r0.09/src/ff.o
 .text.sync     0x00402ef4       0xcc src/ASF/thirdparty/fatfs/fatfs-r0.09/src/ff.o
 .text.follow_path
                0x00402fc0      0x32c src/ASF/thirdparty/fatfs/fatfs-r0.09/src/ff.o
 .text.f_mount  0x004032ec       0x28 src/ASF/thirdparty/fatfs/fatfs-r0.09/src/ff.o
                0x004032ec                f_mount
 .text.f_open   0x00403314      0x1b0 src/ASF/thirdparty/fatfs/fatfs-r0.09/src/ff.o
                0x00403314                f_open
 .text.f_read   0x004034c4      0x184 src/ASF/thirdparty/fatfs/fatfs-r0.09/src/ff.o
                0x004034c4                f_read
 .text.f_sync   0x00403648       0x94 src/ASF/thirdparty/fatfs/fatfs-r0.09/src/ff.o
                0x00403648                f_sync
 .text.f_close  0x004036dc       0x18 src/ASF/thirdparty/fatfs/fatfs-r0.09/src/ff.o
                0x004036dc                f_close
 .text.ff_convert
                0x004036f4       0x44 src/ASF/thirdparty/fatfs/fatfs-r0.09/src/option/ccsbcs.o
                0x004036f4                ff_convert
 .text.ff_wtoupper
                0x00403738       0x30 src/ASF/thirdparty/fatfs/fatfs-r0.09/src/option/ccsbcs.o
                0x00403738                ff_wtoupper
 .text.usart_serial_getchar
                0x00403768       0x88 src/example.o
 .text.usart_serial_putchar
                0x004037f0       0x80 src/example.o
 .text.SysTick_Handler
                0x00403870       0xb0 src/example.o
                0x00403870                SysTick_Handler
 .text.play     0x00403920      0x31c src/example.o
                0x00403920                play
 .text.UART0_Handler
                0x00403c3c       0xb0 src/example.o
                0x00403c3c                UART0_Handler
 .text.main     0x00403cec      0x17c src/example.o
                0x00403cec                main
 .text          0x00403e68      0x370 c:/program files (x86)/atmel/studio/7.0/toolchain/arm/arm-gnu-toolchain/bin/../lib/gcc/arm-none-eabi/4.9.3/armv7e-m\libgcc.a(_arm_addsubdf3.o)
                0x00403e68                __aeabi_drsub
                0x00403e70                __aeabi_dsub
                0x00403e70                __subdf3
                0x00403e74                __aeabi_dadd
                0x00403e74                __adddf3
                0x004040ec                __floatunsidf
                0x004040ec                __aeabi_ui2d
                0x0040410c                __floatsidf
                0x0040410c                __aeabi_i2d
                0x00404130                __aeabi_f2d
                0x00404130                __extendsfdf2
                0x0040416c                __floatundidf
                0x0040416c                __aeabi_ul2d
                0x0040417c                __floatdidf
                0x0040417c                __aeabi_l2d
 .text          0x004041d8      0x424 c:/program files (x86)/atmel/studio/7.0/toolchain/arm/arm-gnu-toolchain/bin/../lib/gcc/arm-none-eabi/4.9.3/armv7e-m\libgcc.a(_arm_muldivdf3.o)
                0x004041d8                __aeabi_dmul
                0x004041d8                __muldf3
                0x0040442c                __divdf3
                0x0040442c                __aeabi_ddiv
 .text          0x004045fc       0x50 c:/program files (x86)/atmel/studio/7.0/toolchain/arm/arm-gnu-toolchain/bin/../lib/gcc/arm-none-eabi/4.9.3/armv7e-m\libgcc.a(_arm_fixdfsi.o)
                0x004045fc                __aeabi_d2iz
                0x004045fc                __fixdfsi
 .text          0x0040464c      0x21c c:/program files (x86)/atmel/studio/7.0/toolchain/arm/arm-gnu-toolchain/bin/../lib/gcc/arm-none-eabi/4.9.3/armv7e-m\libgcc.a(_arm_addsubsf3.o)
                0x0040464c                __aeabi_frsub
                0x00404654                __subsf3
                0x00404654                __aeabi_fsub
                0x00404658                __aeabi_fadd
                0x00404658                __addsf3
                0x004047b8                __aeabi_ui2f
                0x004047b8                __floatunsisf
                0x004047c0                __aeabi_i2f
                0x004047c0                __floatsisf
                0x004047dc                __aeabi_ul2f
                0x004047dc                __floatundisf
                0x004047ec                __aeabi_l2f
                0x004047ec                __floatdisf
 .text.__libc_init_array
                0x00404868       0x50 c:/program files (x86)/atmel/studio/7.0/toolchain/arm/arm-gnu-toolchain/bin/../lib/gcc/arm-none-eabi/4.9.3/../../../../arm-none-eabi/lib/armv7e-m\libc.a(lib_a-init.o)
                0x00404868                __libc_init_array
 .text.iprintf  0x004048b8       0x28 c:/program files (x86)/atmel/studio/7.0/toolchain/arm/arm-gnu-toolchain/bin/../lib/gcc/arm-none-eabi/4.9.3/../../../../arm-none-eabi/lib/armv7e-m\libc.a(lib_a-iprintf.o)
                0x004048b8                iprintf
 .text.memset   0x004048e0       0x9c c:/program files (x86)/atmel/studio/7.0/toolchain/arm/arm-gnu-toolchain/bin/../lib/gcc/arm-none-eabi/4.9.3/../../../../arm-none-eabi/lib/armv7e-m\libc.a(lib_a-memset.o)
                0x004048e0                memset
 .text.setbuf   0x0040497c       0x10 c:/program files (x86)/atmel/studio/7.0/toolchain/arm/arm-gnu-toolchain/bin/../lib/gcc/arm-none-eabi/4.9.3/../../../../arm-none-eabi/lib/armv7e-m\libc.a(lib_a-setbuf.o)
                0x0040497c                setbuf
 .text.setvbuf  0x0040498c       0xf8 c:/program files (x86)/atmel/studio/7.0/toolchain/arm/arm-gnu-toolchain/bin/../lib/gcc/arm-none-eabi/4.9.3/../../../../arm-none-eabi/lib/armv7e-m\libc.a(lib_a-setvbuf.o)
                0x0040498c                setvbuf
 .text.sprintf  0x00404a84       0x4c c:/program files (x86)/atmel/studio/7.0/toolchain/arm/arm-gnu-toolchain/bin/../lib/gcc/arm-none-eabi/4.9.3/../../../../arm-none-eabi/lib/armv7e-m\libc.a(lib_a-sprintf.o)
                0x00404a84                sprintf
 .text.strcpy   0x00404ad0       0xbc c:/program files (x86)/atmel/studio/7.0/toolchain/arm/arm-gnu-toolchain/bin/../lib/gcc/arm-none-eabi/4.9.3/../../../../arm-none-eabi/lib/armv7e-m\libc.a(lib_a-strcpy.o)
                0x00404ad0                strcpy
 .text.strncmp  0x00404b8c       0x98 c:/program files (x86)/atmel/studio/7.0/toolchain/arm/arm-gnu-toolchain/bin/../lib/gcc/arm-none-eabi/4.9.3/../../../../arm-none-eabi/lib/armv7e-m\libc.a(lib_a-strncmp.o)
                0x00404b8c                strncmp
 .text._svfprintf_r
                0x00404c24     0x1494 c:/program files (x86)/atmel/studio/7.0/toolchain/arm/arm-gnu-toolchain/bin/../lib/gcc/arm-none-eabi/4.9.3/../../../../arm-none-eabi/lib/armv7e-m\libc.a(lib_a-svfprintf.o)
                0x00404c24                _svfprintf_r
 .text.__sprint_r.part.0
                0x004060b8       0x78 c:/program files (x86)/atmel/studio/7.0/toolchain/arm/arm-gnu-toolchain/bin/../lib/gcc/arm-none-eabi/4.9.3/../../../../arm-none-eabi/lib/armv7e-m\libc.a(lib_a-vfiprintf.o)
 .text._vfiprintf_r
                0x00406130      0xc10 c:/program files (x86)/atmel/studio/7.0/toolchain/arm/arm-gnu-toolchain/bin/../lib/gcc/arm-none-eabi/4.9.3/../../../../arm-none-eabi/lib/armv7e-m\libc.a(lib_a-vfiprintf.o)
                0x00406130                _vfiprintf_r
 .text.__sbprintf
                0x00406d40       0x78 c:/program files (x86)/atmel/studio/7.0/toolchain/arm/arm-gnu-toolchain/bin/../lib/gcc/arm-none-eabi/4.9.3/../../../../arm-none-eabi/lib/armv7e-m\libc.a(lib_a-vfiprintf.o)
 .text.__swsetup_r
                0x00406db8       0xc4 c:/program files (x86)/atmel/studio/7.0/toolchain/arm/arm-gnu-toolchain/bin/../lib/gcc/arm-none-eabi/4.9.3/../../../../arm-none-eabi/lib/armv7e-m\libc.a(lib_a-wsetup.o)
                0x00406db8                __swsetup_r
 .text.startup.register_fini
                0x00406e7c       0x14 c:/program files (x86)/atmel/studio/7.0/toolchain/arm/arm-gnu-toolchain/bin/../lib/gcc/arm-none-eabi/4.9.3/../../../../arm-none-eabi/lib/armv7e-m\libc.a(lib_a-__call_atexit.o)
 .text.atexit   0x00406e90        0xc c:/program files (x86)/atmel/studio/7.0/toolchain/arm/arm-gnu-toolchain/bin/../lib/gcc/arm-none-eabi/4.9.3/../../../../arm-none-eabi/lib/armv7e-m\libc.a(lib_a-atexit.o)
                0x00406e90                atexit
 .text.quorem   0x00406e9c      0x12c c:/program files (x86)/atmel/studio/7.0/toolchain/arm/arm-gnu-toolchain/bin/../lib/gcc/arm-none-eabi/4.9.3/../../../../arm-none-eabi/lib/armv7e-m\libc.a(lib_a-dtoa.o)
 .text._dtoa_r  0x00406fc8      0xe94 c:/program files (x86)/atmel/studio/7.0/toolchain/arm/arm-gnu-toolchain/bin/../lib/gcc/arm-none-eabi/4.9.3/../../../../arm-none-eabi/lib/armv7e-m\libc.a(lib_a-dtoa.o)
                0x00406fc8                _dtoa_r
 .text.__sflush_r
                0x00407e5c      0x154 c:/program files (x86)/atmel/studio/7.0/toolchain/arm/arm-gnu-toolchain/bin/../lib/gcc/arm-none-eabi/4.9.3/../../../../arm-none-eabi/lib/armv7e-m\libc.a(lib_a-fflush.o)
                0x00407e5c                __sflush_r
 .text._fflush_r
                0x00407fb0       0x2c c:/program files (x86)/atmel/studio/7.0/toolchain/arm/arm-gnu-toolchain/bin/../lib/gcc/arm-none-eabi/4.9.3/../../../../arm-none-eabi/lib/armv7e-m\libc.a(lib_a-fflush.o)
                0x00407fb0                _fflush_r
 .text._cleanup_r
                0x00407fdc        0xc c:/program files (x86)/atmel/studio/7.0/toolchain/arm/arm-gnu-toolchain/bin/../lib/gcc/arm-none-eabi/4.9.3/../../../../arm-none-eabi/lib/armv7e-m\libc.a(lib_a-findfp.o)
                0x00407fdc                _cleanup_r
 .text.__sinit.part.1
                0x00407fe8       0xf0 c:/program files (x86)/atmel/studio/7.0/toolchain/arm/arm-gnu-toolchain/bin/../lib/gcc/arm-none-eabi/4.9.3/../../../../arm-none-eabi/lib/armv7e-m\libc.a(lib_a-findfp.o)
 .text.__sinit  0x004080d8        0xc c:/program files (x86)/atmel/studio/7.0/toolchain/arm/arm-gnu-toolchain/bin/../lib/gcc/arm-none-eabi/4.9.3/../../../../arm-none-eabi/lib/armv7e-m\libc.a(lib_a-findfp.o)
                0x004080d8                __sinit
 .text.__sfp_lock_acquire
                0x004080e4        0x4 c:/program files (x86)/atmel/studio/7.0/toolchain/arm/arm-gnu-toolchain/bin/../lib/gcc/arm-none-eabi/4.9.3/../../../../arm-none-eabi/lib/armv7e-m\libc.a(lib_a-findfp.o)
                0x004080e4                __sfp_lock_acquire
 .text.__sfp_lock_release
                0x004080e8        0x4 c:/program files (x86)/atmel/studio/7.0/toolchain/arm/arm-gnu-toolchain/bin/../lib/gcc/arm-none-eabi/4.9.3/../../../../arm-none-eabi/lib/armv7e-m\libc.a(lib_a-findfp.o)
                0x004080e8                __sfp_lock_release
 .text.__libc_fini_array
                0x004080ec       0x2c c:/program files (x86)/atmel/studio/7.0/toolchain/arm/arm-gnu-toolchain/bin/../lib/gcc/arm-none-eabi/4.9.3/../../../../arm-none-eabi/lib/armv7e-m\libc.a(lib_a-fini.o)
                0x004080ec                __libc_fini_array
 .text.__fputwc
                0x00408118       0xb0 c:/program files (x86)/atmel/studio/7.0/toolchain/arm/arm-gnu-toolchain/bin/../lib/gcc/arm-none-eabi/4.9.3/../../../../arm-none-eabi/lib/armv7e-m\libc.a(lib_a-fputwc.o)
                0x00408118                __fputwc
 .text._fputwc_r
                0x004081c8       0x24 c:/program files (x86)/atmel/studio/7.0/toolchain/arm/arm-gnu-toolchain/bin/../lib/gcc/arm-none-eabi/4.9.3/../../../../arm-none-eabi/lib/armv7e-m\libc.a(lib_a-fputwc.o)
                0x004081c8                _fputwc_r
 .text._malloc_trim_r
                0x004081ec       0x9c c:/program files (x86)/atmel/studio/7.0/toolchain/arm/arm-gnu-toolchain/bin/../lib/gcc/arm-none-eabi/4.9.3/../../../../arm-none-eabi/lib/armv7e-m\libc.a(lib_a-freer.o)
                0x004081ec                _malloc_trim_r
 .text._free_r  0x00408288      0x1b0 c:/program files (x86)/atmel/studio/7.0/toolchain/arm/arm-gnu-toolchain/bin/../lib/gcc/arm-none-eabi/4.9.3/../../../../arm-none-eabi/lib/armv7e-m\libc.a(lib_a-freer.o)
                0x00408288                _free_r
 .text.__sfvwrite_r
                0x00408438      0x318 c:/program files (x86)/atmel/studio/7.0/toolchain/arm/arm-gnu-toolchain/bin/../lib/gcc/arm-none-eabi/4.9.3/../../../../arm-none-eabi/lib/armv7e-m\libc.a(lib_a-fvwrite.o)
                0x00408438                __sfvwrite_r
 .text._fwalk_reent
                0x00408750       0x54 c:/program files (x86)/atmel/studio/7.0/toolchain/arm/arm-gnu-toolchain/bin/../lib/gcc/arm-none-eabi/4.9.3/../../../../arm-none-eabi/lib/armv7e-m\libc.a(lib_a-fwalk.o)
                0x00408750                _fwalk_reent
 .text.__locale_charset
                0x004087a4        0x8 c:/program files (x86)/atmel/studio/7.0/toolchain/arm/arm-gnu-toolchain/bin/../lib/gcc/arm-none-eabi/4.9.3/../../../../arm-none-eabi/lib/armv7e-m\libc.a(lib_a-locale.o)
                0x004087a4                __locale_charset
 .text.__locale_mb_cur_max
                0x004087ac        0xc c:/program files (x86)/atmel/studio/7.0/toolchain/arm/arm-gnu-toolchain/bin/../lib/gcc/arm-none-eabi/4.9.3/../../../../arm-none-eabi/lib/armv7e-m\libc.a(lib_a-locale.o)
                0x004087ac                __locale_mb_cur_max
 .text._localeconv_r
                0x004087b8        0x8 c:/program files (x86)/atmel/studio/7.0/toolchain/arm/arm-gnu-toolchain/bin/../lib/gcc/arm-none-eabi/4.9.3/../../../../arm-none-eabi/lib/armv7e-m\libc.a(lib_a-locale.o)
                0x004087b8                _localeconv_r
 .text.__smakebuf_r
                0x004087c0       0xe0 c:/program files (x86)/atmel/studio/7.0/toolchain/arm/arm-gnu-toolchain/bin/../lib/gcc/arm-none-eabi/4.9.3/../../../../arm-none-eabi/lib/armv7e-m\libc.a(lib_a-makebuf.o)
                0x004087c0                __smakebuf_r
 .text.malloc   0x004088a0       0x10 c:/program files (x86)/atmel/studio/7.0/toolchain/arm/arm-gnu-toolchain/bin/../lib/gcc/arm-none-eabi/4.9.3/../../../../arm-none-eabi/lib/armv7e-m\libc.a(lib_a-malloc.o)
                0x004088a0                malloc
 .text._malloc_r
                0x004088b0      0x524 c:/program files (x86)/atmel/studio/7.0/toolchain/arm/arm-gnu-toolchain/bin/../lib/gcc/arm-none-eabi/4.9.3/../../../../arm-none-eabi/lib/armv7e-m\libc.a(lib_a-mallocr.o)
                0x004088b0                _malloc_r
 .text.memchr   0x00408dd4       0x94 c:/program files (x86)/atmel/studio/7.0/toolchain/arm/arm-gnu-toolchain/bin/../lib/gcc/arm-none-eabi/4.9.3/../../../../arm-none-eabi/lib/armv7e-m\libc.a(lib_a-memchr.o)
                0x00408dd4                memchr
 .text          0x00408e68      0x134 c:/program files (x86)/atmel/studio/7.0/toolchain/arm/arm-gnu-toolchain/bin/../lib/gcc/arm-none-eabi/4.9.3/../../../../arm-none-eabi/lib/armv7e-m\libc.a(lib_a-memcpy.o)
                0x00408e68                memcpy
 .text.memmove  0x00408f9c       0xc8 c:/program files (x86)/atmel/studio/7.0/toolchain/arm/arm-gnu-toolchain/bin/../lib/gcc/arm-none-eabi/4.9.3/../../../../arm-none-eabi/lib/armv7e-m\libc.a(lib_a-memmove.o)
                0x00408f9c                memmove
 .text.__malloc_lock
                0x00409064        0x4 c:/program files (x86)/atmel/studio/7.0/toolchain/arm/arm-gnu-toolchain/bin/../lib/gcc/arm-none-eabi/4.9.3/../../../../arm-none-eabi/lib/armv7e-m\libc.a(lib_a-mlock.o)
                0x00409064                __malloc_lock
 .text.__malloc_unlock
                0x00409068        0x4 c:/program files (x86)/atmel/studio/7.0/toolchain/arm/arm-gnu-toolchain/bin/../lib/gcc/arm-none-eabi/4.9.3/../../../../arm-none-eabi/lib/armv7e-m\libc.a(lib_a-mlock.o)
                0x00409068                __malloc_unlock
 .text._Balloc  0x0040906c       0x4c c:/program files (x86)/atmel/studio/7.0/toolchain/arm/arm-gnu-toolchain/bin/../lib/gcc/arm-none-eabi/4.9.3/../../../../arm-none-eabi/lib/armv7e-m\libc.a(lib_a-mprec.o)
                0x0040906c                _Balloc
 .text._Bfree   0x004090b8       0x14 c:/program files (x86)/atmel/studio/7.0/toolchain/arm/arm-gnu-toolchain/bin/../lib/gcc/arm-none-eabi/4.9.3/../../../../arm-none-eabi/lib/armv7e-m\libc.a(lib_a-mprec.o)
                0x004090b8                _Bfree
 .text.__multadd
                0x004090cc       0x84 c:/program files (x86)/atmel/studio/7.0/toolchain/arm/arm-gnu-toolchain/bin/../lib/gcc/arm-none-eabi/4.9.3/../../../../arm-none-eabi/lib/armv7e-m\libc.a(lib_a-mprec.o)
                0x004090cc                __multadd
 .text.__hi0bits
                0x00409150       0x40 c:/program files (x86)/atmel/studio/7.0/toolchain/arm/arm-gnu-toolchain/bin/../lib/gcc/arm-none-eabi/4.9.3/../../../../arm-none-eabi/lib/armv7e-m\libc.a(lib_a-mprec.o)
                0x00409150                __hi0bits
 .text.__lo0bits
                0x00409190       0x5c c:/program files (x86)/atmel/studio/7.0/toolchain/arm/arm-gnu-toolchain/bin/../lib/gcc/arm-none-eabi/4.9.3/../../../../arm-none-eabi/lib/armv7e-m\libc.a(lib_a-mprec.o)
                0x00409190                __lo0bits
 .text.__i2b    0x004091ec       0x14 c:/program files (x86)/atmel/studio/7.0/toolchain/arm/arm-gnu-toolchain/bin/../lib/gcc/arm-none-eabi/4.9.3/../../../../arm-none-eabi/lib/armv7e-m\libc.a(lib_a-mprec.o)
                0x004091ec                __i2b
 .text.__multiply
                0x00409200      0x134 c:/program files (x86)/atmel/studio/7.0/toolchain/arm/arm-gnu-toolchain/bin/../lib/gcc/arm-none-eabi/4.9.3/../../../../arm-none-eabi/lib/armv7e-m\libc.a(lib_a-mprec.o)
                0x00409200                __multiply
 .text.__pow5mult
                0x00409334       0xa0 c:/program files (x86)/atmel/studio/7.0/toolchain/arm/arm-gnu-toolchain/bin/../lib/gcc/arm-none-eabi/4.9.3/../../../../arm-none-eabi/lib/armv7e-m\libc.a(lib_a-mprec.o)
                0x00409334                __pow5mult
 .text.__lshift
                0x004093d4       0xac c:/program files (x86)/atmel/studio/7.0/toolchain/arm/arm-gnu-toolchain/bin/../lib/gcc/arm-none-eabi/4.9.3/../../../../arm-none-eabi/lib/armv7e-m\libc.a(lib_a-mprec.o)
                0x004093d4                __lshift
 .text.__mcmp   0x00409480       0x48 c:/program files (x86)/atmel/studio/7.0/toolchain/arm/arm-gnu-toolchain/bin/../lib/gcc/arm-none-eabi/4.9.3/../../../../arm-none-eabi/lib/armv7e-m\libc.a(lib_a-mprec.o)
                0x00409480                __mcmp
 .text.__mdiff  0x004094c8       0xd4 c:/program files (x86)/atmel/studio/7.0/toolchain/arm/arm-gnu-toolchain/bin/../lib/gcc/arm-none-eabi/4.9.3/../../../../arm-none-eabi/lib/armv7e-m\libc.a(lib_a-mprec.o)
                0x004094c8                __mdiff
 .text.__d2b    0x0040959c       0xb8 c:/program files (x86)/atmel/studio/7.0/toolchain/arm/arm-gnu-toolchain/bin/../lib/gcc/arm-none-eabi/4.9.3/../../../../arm-none-eabi/lib/armv7e-m\libc.a(lib_a-mprec.o)
                0x0040959c                __d2b
 .text._realloc_r
                0x00409654      0x3ec c:/program files (x86)/atmel/studio/7.0/toolchain/arm/arm-gnu-toolchain/bin/../lib/gcc/arm-none-eabi/4.9.3/../../../../arm-none-eabi/lib/armv7e-m\libc.a(lib_a-reallocr.o)
                0x00409654                _realloc_r
 .text.__fpclassifyd
                0x00409a40       0x58 c:/program files (x86)/atmel/studio/7.0/toolchain/arm/arm-gnu-toolchain/bin/../lib/gcc/arm-none-eabi/4.9.3/../../../../arm-none-eabi/lib/armv7e-m\libc.a(lib_a-s_fpclassify.o)
                0x00409a40                __fpclassifyd
 .text._sbrk_r  0x00409a98       0x24 c:/program files (x86)/atmel/studio/7.0/toolchain/arm/arm-gnu-toolchain/bin/../lib/gcc/arm-none-eabi/4.9.3/../../../../arm-none-eabi/lib/armv7e-m\libc.a(lib_a-sbrkr.o)
                0x00409a98                _sbrk_r
 .text.__sread  0x00409abc       0x24 c:/program files (x86)/atmel/studio/7.0/toolchain/arm/arm-gnu-toolchain/bin/../lib/gcc/arm-none-eabi/4.9.3/../../../../arm-none-eabi/lib/armv7e-m\libc.a(lib_a-stdio.o)
                0x00409abc                __sread
 .text.__swrite
                0x00409ae0       0x38 c:/program files (x86)/atmel/studio/7.0/toolchain/arm/arm-gnu-toolchain/bin/../lib/gcc/arm-none-eabi/4.9.3/../../../../arm-none-eabi/lib/armv7e-m\libc.a(lib_a-stdio.o)
                0x00409ae0                __swrite
 .text.__sseek  0x00409b18       0x20 c:/program files (x86)/atmel/studio/7.0/toolchain/arm/arm-gnu-toolchain/bin/../lib/gcc/arm-none-eabi/4.9.3/../../../../arm-none-eabi/lib/armv7e-m\libc.a(lib_a-stdio.o)
                0x00409b18                __sseek
 .text.__sclose
                0x00409b38        0x8 c:/program files (x86)/atmel/studio/7.0/toolchain/arm/arm-gnu-toolchain/bin/../lib/gcc/arm-none-eabi/4.9.3/../../../../arm-none-eabi/lib/armv7e-m\libc.a(lib_a-stdio.o)
                0x00409b38                __sclose
 .text.strlen   0x00409b40       0x5c c:/program files (x86)/atmel/studio/7.0/toolchain/arm/arm-gnu-toolchain/bin/../lib/gcc/arm-none-eabi/4.9.3/../../../../arm-none-eabi/lib/armv7e-m\libc.a(lib_a-strlen.o)
                0x00409b40                strlen
 .text.__ssprint_r
                0x00409b9c      0x104 c:/program files (x86)/atmel/studio/7.0/toolchain/arm/arm-gnu-toolchain/bin/../lib/gcc/arm-none-eabi/4.9.3/../../../../arm-none-eabi/lib/armv7e-m\libc.a(lib_a-svfiprintf.o)
                0x00409b9c                __ssprint_r
 .text.__swbuf_r
                0x00409ca0       0xa8 c:/program files (x86)/atmel/studio/7.0/toolchain/arm/arm-gnu-toolchain/bin/../lib/gcc/arm-none-eabi/4.9.3/../../../../arm-none-eabi/lib/armv7e-m\libc.a(lib_a-wbuf.o)
                0x00409ca0                __swbuf_r
 .text._wcrtomb_r
                0x00409d48       0x54 c:/program files (x86)/atmel/studio/7.0/toolchain/arm/arm-gnu-toolchain/bin/../lib/gcc/arm-none-eabi/4.9.3/../../../../arm-none-eabi/lib/armv7e-m\libc.a(lib_a-wcrtomb.o)
                0x00409d48                _wcrtomb_r
 .text.__ascii_wctomb
                0x00409d9c       0x1c c:/program files (x86)/atmel/studio/7.0/toolchain/arm/arm-gnu-toolchain/bin/../lib/gcc/arm-none-eabi/4.9.3/../../../../arm-none-eabi/lib/armv7e-m\libc.a(lib_a-wctomb_r.o)
                0x00409d9c                __ascii_wctomb
 .text._write_r
                0x00409db8       0x28 c:/program files (x86)/atmel/studio/7.0/toolchain/arm/arm-gnu-toolchain/bin/../lib/gcc/arm-none-eabi/4.9.3/../../../../arm-none-eabi/lib/armv7e-m\libc.a(lib_a-writer.o)
                0x00409db8                _write_r
 .text.__register_exitproc
                0x00409de0       0xa4 c:/program files (x86)/atmel/studio/7.0/toolchain/arm/arm-gnu-toolchain/bin/../lib/gcc/arm-none-eabi/4.9.3/../../../../arm-none-eabi/lib/armv7e-m\libc.a(lib_a-__atexit.o)
                0x00409de0                __register_exitproc
 .text._calloc_r
                0x00409e84       0x60 c:/program files (x86)/atmel/studio/7.0/toolchain/arm/arm-gnu-toolchain/bin/../lib/gcc/arm-none-eabi/4.9.3/../../../../arm-none-eabi/lib/armv7e-m\libc.a(lib_a-callocr.o)
                0x00409e84                _calloc_r
 .text._close_r
                0x00409ee4       0x24 c:/program files (x86)/atmel/studio/7.0/toolchain/arm/arm-gnu-toolchain/bin/../lib/gcc/arm-none-eabi/4.9.3/../../../../arm-none-eabi/lib/armv7e-m\libc.a(lib_a-closer.o)
                0x00409ee4                _close_r
 .text._fclose_r
                0x00409f08       0x84 c:/program files (x86)/atmel/studio/7.0/toolchain/arm/arm-gnu-toolchain/bin/../lib/gcc/arm-none-eabi/4.9.3/../../../../arm-none-eabi/lib/armv7e-m\libc.a(lib_a-fclose.o)
                0x00409f08                _fclose_r
 .text._fstat_r
                0x00409f8c       0x28 c:/program files (x86)/atmel/studio/7.0/toolchain/arm/arm-gnu-toolchain/bin/../lib/gcc/arm-none-eabi/4.9.3/../../../../arm-none-eabi/lib/armv7e-m\libc.a(lib_a-fstatr.o)
                0x00409f8c                _fstat_r
 .text._isatty_r
                0x00409fb4       0x24 c:/program files (x86)/atmel/studio/7.0/toolchain/arm/arm-gnu-toolchain/bin/../lib/gcc/arm-none-eabi/4.9.3/../../../../arm-none-eabi/lib/armv7e-m\libc.a(lib_a-isattyr.o)
                0x00409fb4                _isatty_r
 .text._lseek_r
                0x00409fd8       0x28 c:/program files (x86)/atmel/studio/7.0/toolchain/arm/arm-gnu-toolchain/bin/../lib/gcc/arm-none-eabi/4.9.3/../../../../arm-none-eabi/lib/armv7e-m\libc.a(lib_a-lseekr.o)
                0x00409fd8                _lseek_r
 .text._read_r  0x0040a000       0x28 c:/program files (x86)/atmel/studio/7.0/toolchain/arm/arm-gnu-toolchain/bin/../lib/gcc/arm-none-eabi/4.9.3/../../../../arm-none-eabi/lib/armv7e-m\libc.a(lib_a-readr.o)
                0x0040a000                _read_r
 .text          0x0040a028      0x110 c:/program files (x86)/atmel/studio/7.0/toolchain/arm/arm-gnu-toolchain/bin/../lib/gcc/arm-none-eabi/4.9.3/armv7e-m\libgcc.a(_arm_cmpdf2.o)
                0x0040a028                __gtdf2
                0x0040a028                __gedf2
                0x0040a030                __ltdf2
                0x0040a030                __ledf2
                0x0040a038                __nedf2
                0x0040a038                __eqdf2
                0x0040a038                __cmpdf2
                0x0040a0b4                __aeabi_cdrcmple
                0x0040a0c4                __aeabi_cdcmpeq
                0x0040a0c4                __aeabi_cdcmple
                0x0040a0d4                __aeabi_dcmpeq
                0x0040a0e8                __aeabi_dcmplt
                0x0040a0fc                __aeabi_dcmple
                0x0040a110                __aeabi_dcmpge
                0x0040a124                __aeabi_dcmpgt
 .text          0x0040a138       0x30 c:/program files (x86)/atmel/studio/7.0/toolchain/arm/arm-gnu-toolchain/bin/../lib/gcc/arm-none-eabi/4.9.3/armv7e-m\libgcc.a(_aeabi_uldivmod.o)
                0x0040a138                __aeabi_uldivmod
 .text          0x0040a168       0x60 c:/program files (x86)/atmel/studio/7.0/toolchain/arm/arm-gnu-toolchain/bin/../lib/gcc/arm-none-eabi/4.9.3/armv7e-m\libgcc.a(bpabi.o)
                0x0040a168                __gnu_ldivmod_helper
                0x0040a198                __gnu_uldivmod_helper
 .text          0x0040a1c8        0x4 c:/program files (x86)/atmel/studio/7.0/toolchain/arm/arm-gnu-toolchain/bin/../lib/gcc/arm-none-eabi/4.9.3/armv7e-m\libgcc.a(_dvmd_tls.o)
                0x0040a1c8                __aeabi_idiv0
                0x0040a1c8                __aeabi_ldiv0
 .text          0x0040a1cc      0x29c c:/program files (x86)/atmel/studio/7.0/toolchain/arm/arm-gnu-toolchain/bin/../lib/gcc/arm-none-eabi/4.9.3/armv7e-m\libgcc.a(_divdi3.o)
                0x0040a1cc                __divdi3
 .text          0x0040a468      0x26c c:/program files (x86)/atmel/studio/7.0/toolchain/arm/arm-gnu-toolchain/bin/../lib/gcc/arm-none-eabi/4.9.3/armv7e-m\libgcc.a(_udivdi3.o)
                0x0040a468                __udivdi3
 *(.glue_7t)
 .glue_7t       0x00000000        0x0 linker stubs
 *(.glue_7)
 .glue_7        0x00000000        0x0 linker stubs
 *(.rodata .rodata* .gnu.linkonce.r.*)
 .rodata.sd_trans_multipliers
                0x0040a6d4       0x40 src/ASF/common/components/memory/sd_mmc/sd_mmc.o
                0x0040a6d4                sd_trans_multipliers
 .rodata.sd_mmc_trans_units
                0x0040a714       0x1c src/ASF/common/components/memory/sd_mmc/sd_mmc.o
                0x0040a714                sd_mmc_trans_units
 .rodata.mmc_trans_multipliers
                0x0040a730       0x40 src/ASF/common/components/memory/sd_mmc/sd_mmc.o
                0x0040a730                mmc_trans_multipliers
 .rodata.str1.4
                0x0040a770       0x48 src/ASF/thirdparty/fatfs/fatfs-r0.09/src/ff.o
 .rodata.LfnOfs
                0x0040a7b8        0xd src/ASF/thirdparty/fatfs/fatfs-r0.09/src/ff.o
 *fill*         0x0040a7c5        0x3 
 .rodata.excvt.4522
                0x0040a7c8       0x80 src/ASF/thirdparty/fatfs/fatfs-r0.09/src/ff.o
 .rodata.Tbl    0x0040a848      0x100 src/ASF/thirdparty/fatfs/fatfs-r0.09/src/option/ccsbcs.o
 .rodata.tbl_lower.4272
                0x0040a948      0x1e0 src/ASF/thirdparty/fatfs/fatfs-r0.09/src/option/ccsbcs.o
 .rodata.tbl_upper.4273
                0x0040ab28      0x1e0 src/ASF/thirdparty/fatfs/fatfs-r0.09/src/option/ccsbcs.o
 .rodata.str1.4
                0x0040ad08      0x21d src/example.o
 *fill*         0x0040af25        0x3 
 .rodata.str1.4
                0x0040af28        0x2 c:/program files (x86)/atmel/studio/7.0/toolchain/arm/arm-gnu-toolchain/bin/../lib/gcc/arm-none-eabi/4.9.3/../../../../arm-none-eabi/lib/armv7e-m\libc.a(lib_a-impure.o)
 *fill*         0x0040af2a        0x2 
 .rodata._global_impure_ptr
                0x0040af2c        0x4 c:/program files (x86)/atmel/studio/7.0/toolchain/arm/arm-gnu-toolchain/bin/../lib/gcc/arm-none-eabi/4.9.3/../../../../arm-none-eabi/lib/armv7e-m\libc.a(lib_a-impure.o)
                0x0040af2c                _global_impure_ptr
 .rodata.zeroes.6911
                0x0040af30       0x10 c:/program files (x86)/atmel/studio/7.0/toolchain/arm/arm-gnu-toolchain/bin/../lib/gcc/arm-none-eabi/4.9.3/../../../../arm-none-eabi/lib/armv7e-m\libc.a(lib_a-svfprintf.o)
 .rodata.blanks.6910
                0x0040af40       0x10 c:/program files (x86)/atmel/studio/7.0/toolchain/arm/arm-gnu-toolchain/bin/../lib/gcc/arm-none-eabi/4.9.3/../../../../arm-none-eabi/lib/armv7e-m\libc.a(lib_a-svfprintf.o)
 .rodata.str1.4
                0x0040af50       0x42 c:/program files (x86)/atmel/studio/7.0/toolchain/arm/arm-gnu-toolchain/bin/../lib/gcc/arm-none-eabi/4.9.3/../../../../arm-none-eabi/lib/armv7e-m\libc.a(lib_a-svfprintf.o)
 *fill*         0x0040af92        0x2 
 .rodata.zeroes.6869
                0x0040af94       0x10 c:/program files (x86)/atmel/studio/7.0/toolchain/arm/arm-gnu-toolchain/bin/../lib/gcc/arm-none-eabi/4.9.3/../../../../arm-none-eabi/lib/armv7e-m\libc.a(lib_a-vfiprintf.o)
 .rodata.str1.4
                0x00000000       0x2f c:/program files (x86)/atmel/studio/7.0/toolchain/arm/arm-gnu-toolchain/bin/../lib/gcc/arm-none-eabi/4.9.3/../../../../arm-none-eabi/lib/armv7e-m\libc.a(lib_a-vfiprintf.o)
 .rodata.blanks.6868
                0x0040afa4       0x10 c:/program files (x86)/atmel/studio/7.0/toolchain/arm/arm-gnu-toolchain/bin/../lib/gcc/arm-none-eabi/4.9.3/../../../../arm-none-eabi/lib/armv7e-m\libc.a(lib_a-vfiprintf.o)
 .rodata.str1.4
                0x0040afb4       0x10 c:/program files (x86)/atmel/studio/7.0/toolchain/arm/arm-gnu-toolchain/bin/../lib/gcc/arm-none-eabi/4.9.3/../../../../arm-none-eabi/lib/armv7e-m\libc.a(lib_a-dtoa.o)
                                 0x12 (size before relaxing)
 .rodata.str1.4
                0x0040afc4        0xc c:/program files (x86)/atmel/studio/7.0/toolchain/arm/arm-gnu-toolchain/bin/../lib/gcc/arm-none-eabi/4.9.3/../../../../arm-none-eabi/lib/armv7e-m\libc.a(lib_a-locale.o)
                                 0x12 (size before relaxing)
 .rodata.__mprec_tens
                0x0040afd0       0xc8 c:/program files (x86)/atmel/studio/7.0/toolchain/arm/arm-gnu-toolchain/bin/../lib/gcc/arm-none-eabi/4.9.3/../../../../arm-none-eabi/lib/armv7e-m\libc.a(lib_a-mprec.o)
                0x0040afd0                __mprec_tens
 .rodata.p05.5302
                0x0040b098        0xc c:/program files (x86)/atmel/studio/7.0/toolchain/arm/arm-gnu-toolchain/bin/../lib/gcc/arm-none-eabi/4.9.3/../../../../arm-none-eabi/lib/armv7e-m\libc.a(lib_a-mprec.o)
 *fill*         0x0040b0a4        0x4 
 .rodata.__mprec_bigtens
                0x0040b0a8       0x28 c:/program files (x86)/atmel/studio/7.0/toolchain/arm/arm-gnu-toolchain/bin/../lib/gcc/arm-none-eabi/4.9.3/../../../../arm-none-eabi/lib/armv7e-m\libc.a(lib_a-mprec.o)
                0x0040b0a8                __mprec_bigtens
 *(.ARM.extab* .gnu.linkonce.armextab.*)
                0x0040b0d0                . = ALIGN (0x4)
 *(.init)
 .init          0x0040b0d0        0x4 c:/program files (x86)/atmel/studio/7.0/toolchain/arm/arm-gnu-toolchain/bin/../lib/gcc/arm-none-eabi/4.9.3/armv7e-m/crti.o
                0x0040b0d0                _init
 .init          0x0040b0d4        0x8 c:/program files (x86)/atmel/studio/7.0/toolchain/arm/arm-gnu-toolchain/bin/../lib/gcc/arm-none-eabi/4.9.3/armv7e-m/crtn.o
                0x0040b0dc                . = ALIGN (0x4)
                0x0040b0dc                __preinit_array_start = .
 *(.preinit_array)
                0x0040b0dc                __preinit_array_end = .
                0x0040b0dc                . = ALIGN (0x4)
                0x0040b0dc                __init_array_start = .
 *(SORT(.init_array.*))
 .init_array.00000
                0x0040b0dc        0x4 c:/program files (x86)/atmel/studio/7.0/toolchain/arm/arm-gnu-toolchain/bin/../lib/gcc/arm-none-eabi/4.9.3/../../../../arm-none-eabi/lib/armv7e-m\libc.a(lib_a-__call_atexit.o)
 *(.init_array)
 .init_array    0x0040b0e0        0x4 c:/program files (x86)/atmel/studio/7.0/toolchain/arm/arm-gnu-toolchain/bin/../lib/gcc/arm-none-eabi/4.9.3/armv7e-m/crtbegin.o
                0x0040b0e4                __init_array_end = .
                0x0040b0e4                . = ALIGN (0x4)
 *crtbegin.o(.ctors)
 *(EXCLUDE_FILE(*crtend.o) .ctors)
 *(SORT(.ctors.*))
 *crtend.o(.ctors)
                0x0040b0e4                . = ALIGN (0x4)
 *(.fini)
 .fini          0x0040b0e4        0x4 c:/program files (x86)/atmel/studio/7.0/toolchain/arm/arm-gnu-toolchain/bin/../lib/gcc/arm-none-eabi/4.9.3/armv7e-m/crti.o
                0x0040b0e4                _fini
 .fini          0x0040b0e8        0x8 c:/program files (x86)/atmel/studio/7.0/toolchain/arm/arm-gnu-toolchain/bin/../lib/gcc/arm-none-eabi/4.9.3/armv7e-m/crtn.o
                0x0040b0f0                . = ALIGN (0x4)
                0x0040b0f0                __fini_array_start = .
 *(.fini_array)
 .fini_array    0x0040b0f0        0x4 c:/program files (x86)/atmel/studio/7.0/toolchain/arm/arm-gnu-toolchain/bin/../lib/gcc/arm-none-eabi/4.9.3/armv7e-m/crtbegin.o
 *(SORT(.fini_array.*))
                0x0040b0f4                __fini_array_end = .
 *crtbegin.o(.dtors)
 *(EXCLUDE_FILE(*crtend.o) .dtors)
 *(SORT(.dtors.*))
 *crtend.o(.dtors)
                0x0040b0f4                . = ALIGN (0x4)
                0x0040b0f4                _efixed = .
                0x0040b0f4                PROVIDE (__exidx_start, .)

.vfp11_veneer   0x0040b0f4        0x0
 .vfp11_veneer  0x00000000        0x0 linker stubs

.v4_bx          0x0040b0f4        0x0
 .v4_bx         0x00000000        0x0 linker stubs

.iplt           0x0040b0f4        0x0
 .iplt          0x00000000        0x0 c:/program files (x86)/atmel/studio/7.0/toolchain/arm/arm-gnu-toolchain/bin/../lib/gcc/arm-none-eabi/4.9.3/armv7e-m/crtbegin.o

.ARM.exidx      0x0040b0f4        0x8
 *(.ARM.exidx* .gnu.linkonce.armexidx.*)
 .ARM.exidx     0x0040b0f4        0x8 c:/program files (x86)/atmel/studio/7.0/toolchain/arm/arm-gnu-toolchain/bin/../lib/gcc/arm-none-eabi/4.9.3/armv7e-m\libgcc.a(_divdi3.o)
 .ARM.exidx     0x0040b0fc        0x0 c:/program files (x86)/atmel/studio/7.0/toolchain/arm/arm-gnu-toolchain/bin/../lib/gcc/arm-none-eabi/4.9.3/armv7e-m\libgcc.a(_udivdi3.o)
                                  0x8 (size before relaxing)
                0x0040b0fc                PROVIDE (__exidx_end, .)

.eh_frame       0x0040b0fc        0x0
 .eh_frame      0x0040b0fc        0x0 c:/program files (x86)/atmel/studio/7.0/toolchain/arm/arm-gnu-toolchain/bin/../lib/gcc/arm-none-eabi/4.9.3/armv7e-m/crtbegin.o

.rel.dyn        0x0040b0fc        0x0
 .rel.iplt      0x00000000        0x0 c:/program files (x86)/atmel/studio/7.0/toolchain/arm/arm-gnu-toolchain/bin/../lib/gcc/arm-none-eabi/4.9.3/armv7e-m/crtbegin.o

.jcr            0x0040b0fc        0x0
 .jcr           0x0040b0fc        0x0 c:/program files (x86)/atmel/studio/7.0/toolchain/arm/arm-gnu-toolchain/bin/../lib/gcc/arm-none-eabi/4.9.3/armv7e-m/crtbegin.o

.igot.plt       0x0040b0fc        0x0
 .igot.plt      0x00000000        0x0 c:/program files (x86)/atmel/studio/7.0/toolchain/arm/arm-gnu-toolchain/bin/../lib/gcc/arm-none-eabi/4.9.3/armv7e-m/crtbegin.o
                0x0040b0fc                . = ALIGN (0x4)
                0x0040b0fc                _etext = .

.relocate       0x20000000      0x8d4 load address 0x0040b0fc
                0x20000000                . = ALIGN (0x4)
                0x20000000                _srelocate = .
 *(.ramfunc .ramfunc.*)
 .ramfunc       0x20000000        0xc src/ASF/common/services/delay/sam/cycle_counter.o
                0x20000000                portable_delay_cycles
 *(.data .data.*)
 .data.sd_mmc_cards
                0x2000000c       0x24 src/ASF/common/components/memory/sd_mmc/sd_mmc.o
 .data.g_interrupt_enabled
                0x20000030        0x1 src/ASF/common/utils/interrupt/interrupt_sam_nvic.o
                0x20000030                g_interrupt_enabled
 *fill*         0x20000031        0x3 
 .data.SystemCoreClock
                0x20000034        0x4 src/ASF/sam/utils/cmsis/sam4s/source/templates/system_sam4s.o
                0x20000034                SystemCoreClock
 .data.impure_data
                0x20000038      0x428 c:/program files (x86)/atmel/studio/7.0/toolchain/arm/arm-gnu-toolchain/bin/../lib/gcc/arm-none-eabi/4.9.3/../../../../arm-none-eabi/lib/armv7e-m\libc.a(lib_a-impure.o)
 .data._impure_ptr
                0x20000460        0x4 c:/program files (x86)/atmel/studio/7.0/toolchain/arm/arm-gnu-toolchain/bin/../lib/gcc/arm-none-eabi/4.9.3/../../../../arm-none-eabi/lib/armv7e-m\libc.a(lib_a-impure.o)
                0x20000460                _impure_ptr
 .data.lconv    0x20000464       0x38 c:/program files (x86)/atmel/studio/7.0/toolchain/arm/arm-gnu-toolchain/bin/../lib/gcc/arm-none-eabi/4.9.3/../../../../arm-none-eabi/lib/armv7e-m\libc.a(lib_a-locale.o)
 .data.lc_ctype_charset
                0x2000049c       0x20 c:/program files (x86)/atmel/studio/7.0/toolchain/arm/arm-gnu-toolchain/bin/../lib/gcc/arm-none-eabi/4.9.3/../../../../arm-none-eabi/lib/armv7e-m\libc.a(lib_a-locale.o)
 .data.__mb_cur_max
                0x200004bc        0x4 c:/program files (x86)/atmel/studio/7.0/toolchain/arm/arm-gnu-toolchain/bin/../lib/gcc/arm-none-eabi/4.9.3/../../../../arm-none-eabi/lib/armv7e-m\libc.a(lib_a-locale.o)
                0x200004bc                __mb_cur_max
 .data.__malloc_av_
                0x200004c0      0x408 c:/program files (x86)/atmel/studio/7.0/toolchain/arm/arm-gnu-toolchain/bin/../lib/gcc/arm-none-eabi/4.9.3/../../../../arm-none-eabi/lib/armv7e-m\libc.a(lib_a-mallocr.o)
                0x200004c0                __malloc_av_
 .data.__malloc_trim_threshold
                0x200008c8        0x4 c:/program files (x86)/atmel/studio/7.0/toolchain/arm/arm-gnu-toolchain/bin/../lib/gcc/arm-none-eabi/4.9.3/../../../../arm-none-eabi/lib/armv7e-m\libc.a(lib_a-mallocr.o)
                0x200008c8                __malloc_trim_threshold
 .data.__malloc_sbrk_base
                0x200008cc        0x4 c:/program files (x86)/atmel/studio/7.0/toolchain/arm/arm-gnu-toolchain/bin/../lib/gcc/arm-none-eabi/4.9.3/../../../../arm-none-eabi/lib/armv7e-m\libc.a(lib_a-mallocr.o)
                0x200008cc                __malloc_sbrk_base
 .data.__wctomb
                0x200008d0        0x4 c:/program files (x86)/atmel/studio/7.0/toolchain/arm/arm-gnu-toolchain/bin/../lib/gcc/arm-none-eabi/4.9.3/../../../../arm-none-eabi/lib/armv7e-m\libc.a(lib_a-wctomb_r.o)
                0x200008d0                __wctomb
                0x200008d4                . = ALIGN (0x4)
                0x200008d4                _erelocate = .

.bss            0x200008d4     0x23d8 load address 0x0040b9d0
                0x200008d4                . = ALIGN (0x4)
                0x200008d4                _sbss = .
                0x200008d4                _szero = .
 *(.bss .bss.*)
 .bss           0x200008d4       0x1c c:/program files (x86)/atmel/studio/7.0/toolchain/arm/arm-gnu-toolchain/bin/../lib/gcc/arm-none-eabi/4.9.3/armv7e-m/crtbegin.o
 .bss.sd_mmc_nb_block_to_tranfer
                0x200008f0        0x2 src/ASF/common/components/memory/sd_mmc/sd_mmc.o
 .bss.sd_mmc_sam_systick_used
                0x200008f2        0x1 src/ASF/common/components/memory/sd_mmc/sd_mmc.o
 *fill*         0x200008f3        0x1 
 .bss.sd_mmc_card
                0x200008f4        0x4 src/ASF/common/components/memory/sd_mmc/sd_mmc.o
 .bss.sd_mmc_nb_block_remaining
                0x200008f8        0x2 src/ASF/common/components/memory/sd_mmc/sd_mmc.o
 .bss.sd_mmc_slot_sel
                0x200008fa        0x1 src/ASF/common/components/memory/sd_mmc/sd_mmc.o
 *fill*         0x200008fb        0x1 
 .bss.sd_mmc_ejected
                0x200008fc        0x2 src/ASF/common/components/memory/sd_mmc/sd_mmc_mem.o
 .bss.hsmci_block_size
                0x200008fe        0x2 src/ASF/sam/drivers/hsmci/hsmci.o
 .bss.hsmci_nb_block
                0x20000900        0x2 src/ASF/sam/drivers/hsmci/hsmci.o
 *fill*         0x20000902        0x2 
 .bss.hsmci_transfert_pos
                0x20000904        0x4 src/ASF/sam/drivers/hsmci/hsmci.o
 .bss.pio_capture_handler
                0x20000908        0x4 src/ASF/sam/drivers/pio/pio_handler.o
 .bss.gs_interrupt_sources
                0x2000090c       0x70 src/ASF/sam/drivers/pio/pio_handler.o
 .bss.heap.5212
                0x2000097c        0x4 src/ASF/sam/utils/syscalls/gcc/syscalls.o
 .bss.Fsid      0x20000980        0x2 src/ASF/thirdparty/fatfs/fatfs-r0.09/src/ff.o
 *fill*         0x20000982        0x2 
 .bss.FatFs     0x20000984       0x20 src/ASF/thirdparty/fatfs/fatfs-r0.09/src/ff.o
 .bss.g_flag_play
                0x200009a4        0x1 src/example.o
                0x200009a4                g_flag_play
 .bss.global_rx0_wr_index
                0x200009a5        0x1 src/example.o
                0x200009a5                global_rx0_wr_index
 .bss.g_flag_stop
                0x200009a6        0x1 src/example.o
                0x200009a6                g_flag_stop
 *fill*         0x200009a7        0x1 
 .bss.__malloc_max_total_mem
                0x200009a8        0x4 c:/program files (x86)/atmel/studio/7.0/toolchain/arm/arm-gnu-toolchain/bin/../lib/gcc/arm-none-eabi/4.9.3/../../../../arm-none-eabi/lib/armv7e-m\libc.a(lib_a-mallocr.o)
                0x200009a8                __malloc_max_total_mem
 .bss.__malloc_max_sbrked_mem
                0x200009ac        0x4 c:/program files (x86)/atmel/studio/7.0/toolchain/arm/arm-gnu-toolchain/bin/../lib/gcc/arm-none-eabi/4.9.3/../../../../arm-none-eabi/lib/armv7e-m\libc.a(lib_a-mallocr.o)
                0x200009ac                __malloc_max_sbrked_mem
 .bss.__malloc_top_pad
                0x200009b0        0x4 c:/program files (x86)/atmel/studio/7.0/toolchain/arm/arm-gnu-toolchain/bin/../lib/gcc/arm-none-eabi/4.9.3/../../../../arm-none-eabi/lib/armv7e-m\libc.a(lib_a-mallocr.o)
                0x200009b0                __malloc_top_pad
 .bss.__malloc_current_mallinfo
                0x200009b4       0x28 c:/program files (x86)/atmel/studio/7.0/toolchain/arm/arm-gnu-toolchain/bin/../lib/gcc/arm-none-eabi/4.9.3/../../../../arm-none-eabi/lib/armv7e-m\libc.a(lib_a-mallocr.o)
                0x200009b4                __malloc_current_mallinfo
 *(COMMON)
 COMMON         0x200009dc        0x4 src/ASF/common/utils/stdio/read.o
                0x200009dc                ptr_get
 COMMON         0x200009e0        0x8 src/ASF/common/utils/stdio/write.o
                0x200009e0                ptr_put
                0x200009e4                stdio_base
 COMMON         0x200009e8        0x4 src/ASF/sam/drivers/pio/pio.o
                0x200009e8                pio_capture_enable_flag
 COMMON         0x200009ec     0x22ba src/example.o
                0x200009ec                number_elem_out
                0x200009ee                status_buf
                0x200009f0                Buff1_sound
                0x20001b2c                g_file_name
                0x20001b4c                rx_buffer0
                0x20001b6c                Buff2_sound
 *fill*         0x20002ca6        0x2 
 COMMON         0x20002ca8        0x4 c:/program files (x86)/atmel/studio/7.0/toolchain/arm/arm-gnu-toolchain/bin/../lib/gcc/arm-none-eabi/4.9.3/../../../../arm-none-eabi/lib/armv7e-m\libc.a(lib_a-reent.o)
                0x20002ca8                errno
                0x20002cac                . = ALIGN (0x4)
                0x20002cac                _ebss = .
                0x20002cac                _ezero = .

.stack          0x20002cac     0x3004 load address 0x0040dda8
                0x20002cb0                . = ALIGN (0x8)
 *fill*         0x20002cac        0x4 
                0x20002cb0                _sstack = .
                0x20005cb0                . = (. + __stack_size__)
 *fill*         0x20002cb0     0x3000 
                0x20005cb0                . = ALIGN (0x8)
                0x20005cb0                _estack = .
                0x20005cb0                . = ALIGN (0x4)
                0x20005cb0                _end = .
OUTPUT(SD_MMC_EXAMPLE21.elf elf32-littlearm)

.ARM.attributes
                0x00000000       0x2a
 .ARM.attributes
                0x00000000       0x1e c:/program files (x86)/atmel/studio/7.0/toolchain/arm/arm-gnu-toolchain/bin/../lib/gcc/arm-none-eabi/4.9.3/armv7e-m/crti.o
 .ARM.attributes
                0x0000001e       0x2e c:/program files (x86)/atmel/studio/7.0/toolchain/arm/arm-gnu-toolchain/bin/../lib/gcc/arm-none-eabi/4.9.3/armv7e-m/crtbegin.o
 .ARM.attributes
                0x0000004c       0x33 src/ASF/common/components/memory/sd_mmc/sd_mmc.o
 .ARM.attributes
                0x0000007f       0x33 src/ASF/common/components/memory/sd_mmc/sd_mmc_mem.o
 .ARM.attributes
                0x000000b2       0x33 src/ASF/common/services/clock/sam4s/sysclk.o
 .ARM.attributes
                0x000000e5       0x33 src/ASF/common/services/delay/sam/cycle_counter.o
 .ARM.attributes
                0x00000118       0x33 src/ASF/common/services/storage/ctrl_access/ctrl_access.o
 .ARM.attributes
                0x0000014b       0x33 src/ASF/common/utils/interrupt/interrupt_sam_nvic.o
 .ARM.attributes
                0x0000017e       0x33 src/ASF/common/utils/stdio/read.o
 .ARM.attributes
                0x000001b1       0x33 src/ASF/common/utils/stdio/write.o
 .ARM.attributes
                0x000001e4       0x33 src/ASF/sam/boards/sam4s_ek/init.o
 .ARM.attributes
                0x00000217       0x33 src/ASF/sam/drivers/dacc/dacc.o
 .ARM.attributes
                0x0000024a       0x33 src/ASF/sam/drivers/hsmci/hsmci.o
 .ARM.attributes
                0x0000027d       0x33 src/ASF/sam/drivers/pio/pio.o
 .ARM.attributes
                0x000002b0       0x33 src/ASF/sam/drivers/pio/pio_handler.o
 .ARM.attributes
                0x000002e3       0x33 src/ASF/sam/drivers/pmc/pmc.o
 .ARM.attributes
                0x00000316       0x33 src/ASF/sam/drivers/rtc/rtc.o
 .ARM.attributes
                0x00000349       0x33 src/ASF/sam/drivers/uart/uart.o
 .ARM.attributes
                0x0000037c       0x33 src/ASF/sam/drivers/usart/usart.o
 .ARM.attributes
                0x000003af       0x33 src/ASF/sam/utils/cmsis/sam4s/source/templates/gcc/startup_sam4s.o
 .ARM.attributes
                0x000003e2       0x33 src/ASF/sam/utils/cmsis/sam4s/source/templates/system_sam4s.o
 .ARM.attributes
                0x00000415       0x33 src/ASF/sam/utils/syscalls/gcc/syscalls.o
 .ARM.attributes
                0x00000448       0x33 src/ASF/thirdparty/fatfs/fatfs-port-r0.09/diskio.o
 .ARM.attributes
                0x0000047b       0x33 src/ASF/thirdparty/fatfs/fatfs-port-r0.09/sam/fattime_rtc.o
 .ARM.attributes
                0x000004ae       0x33 src/ASF/thirdparty/fatfs/fatfs-r0.09/src/ff.o
 .ARM.attributes
                0x000004e1       0x33 src/ASF/thirdparty/fatfs/fatfs-r0.09/src/option/ccsbcs.o
 .ARM.attributes
                0x00000514       0x33 src/example.o
 .ARM.attributes
                0x00000547       0x1e c:/program files (x86)/atmel/studio/7.0/toolchain/arm/arm-gnu-toolchain/bin/../lib/gcc/arm-none-eabi/4.9.3/armv7e-m\libgcc.a(_arm_addsubdf3.o)
 .ARM.attributes
                0x00000565       0x1e c:/program files (x86)/atmel/studio/7.0/toolchain/arm/arm-gnu-toolchain/bin/../lib/gcc/arm-none-eabi/4.9.3/armv7e-m\libgcc.a(_arm_muldivdf3.o)
 .ARM.attributes
                0x00000583       0x1e c:/program files (x86)/atmel/studio/7.0/toolchain/arm/arm-gnu-toolchain/bin/../lib/gcc/arm-none-eabi/4.9.3/armv7e-m\libgcc.a(_arm_fixdfsi.o)
 .ARM.attributes
                0x000005a1       0x1e c:/program files (x86)/atmel/studio/7.0/toolchain/arm/arm-gnu-toolchain/bin/../lib/gcc/arm-none-eabi/4.9.3/armv7e-m\libgcc.a(_arm_addsubsf3.o)
 .ARM.attributes
                0x000005bf       0x2e c:/program files (x86)/atmel/studio/7.0/toolchain/arm/arm-gnu-toolchain/bin/../lib/gcc/arm-none-eabi/4.9.3/../../../../arm-none-eabi/lib/armv7e-m\libc.a(lib_a-impure.o)
 .ARM.attributes
                0x000005ed       0x2e c:/program files (x86)/atmel/studio/7.0/toolchain/arm/arm-gnu-toolchain/bin/../lib/gcc/arm-none-eabi/4.9.3/../../../../arm-none-eabi/lib/armv7e-m\libc.a(lib_a-init.o)
 .ARM.attributes
                0x0000061b       0x2e c:/program files (x86)/atmel/studio/7.0/toolchain/arm/arm-gnu-toolchain/bin/../lib/gcc/arm-none-eabi/4.9.3/../../../../arm-none-eabi/lib/armv7e-m\libc.a(lib_a-iprintf.o)
 .ARM.attributes
                0x00000649       0x2e c:/program files (x86)/atmel/studio/7.0/toolchain/arm/arm-gnu-toolchain/bin/../lib/gcc/arm-none-eabi/4.9.3/../../../../arm-none-eabi/lib/armv7e-m\libc.a(lib_a-memset.o)
 .ARM.attributes
                0x00000677       0x2e c:/program files (x86)/atmel/studio/7.0/toolchain/arm/arm-gnu-toolchain/bin/../lib/gcc/arm-none-eabi/4.9.3/../../../../arm-none-eabi/lib/armv7e-m\libc.a(lib_a-setbuf.o)
 .ARM.attributes
                0x000006a5       0x2e c:/program files (x86)/atmel/studio/7.0/toolchain/arm/arm-gnu-toolchain/bin/../lib/gcc/arm-none-eabi/4.9.3/../../../../arm-none-eabi/lib/armv7e-m\libc.a(lib_a-setvbuf.o)
 .ARM.attributes
                0x000006d3       0x2e c:/program files (x86)/atmel/studio/7.0/toolchain/arm/arm-gnu-toolchain/bin/../lib/gcc/arm-none-eabi/4.9.3/../../../../arm-none-eabi/lib/armv7e-m\libc.a(lib_a-sprintf.o)
 .ARM.attributes
                0x00000701       0x2e c:/program files (x86)/atmel/studio/7.0/toolchain/arm/arm-gnu-toolchain/bin/../lib/gcc/arm-none-eabi/4.9.3/../../../../arm-none-eabi/lib/armv7e-m\libc.a(lib_a-strcpy.o)
 .ARM.attributes
                0x0000072f       0x2e c:/program files (x86)/atmel/studio/7.0/toolchain/arm/arm-gnu-toolchain/bin/../lib/gcc/arm-none-eabi/4.9.3/../../../../arm-none-eabi/lib/armv7e-m\libc.a(lib_a-strncmp.o)
 .ARM.attributes
                0x0000075d       0x2e c:/program files (x86)/atmel/studio/7.0/toolchain/arm/arm-gnu-toolchain/bin/../lib/gcc/arm-none-eabi/4.9.3/../../../../arm-none-eabi/lib/armv7e-m\libc.a(lib_a-svfprintf.o)
 .ARM.attributes
                0x0000078b       0x2e c:/program files (x86)/atmel/studio/7.0/toolchain/arm/arm-gnu-toolchain/bin/../lib/gcc/arm-none-eabi/4.9.3/../../../../arm-none-eabi/lib/armv7e-m\libc.a(lib_a-vfiprintf.o)
 .ARM.attributes
                0x000007b9       0x2e c:/program files (x86)/atmel/studio/7.0/toolchain/arm/arm-gnu-toolchain/bin/../lib/gcc/arm-none-eabi/4.9.3/../../../../arm-none-eabi/lib/armv7e-m\libc.a(lib_a-wsetup.o)
 .ARM.attributes
                0x000007e7       0x2e c:/program files (x86)/atmel/studio/7.0/toolchain/arm/arm-gnu-toolchain/bin/../lib/gcc/arm-none-eabi/4.9.3/../../../../arm-none-eabi/lib/armv7e-m\libc.a(lib_a-__call_atexit.o)
 .ARM.attributes
                0x00000815       0x2e c:/program files (x86)/atmel/studio/7.0/toolchain/arm/arm-gnu-toolchain/bin/../lib/gcc/arm-none-eabi/4.9.3/../../../../arm-none-eabi/lib/armv7e-m\libc.a(lib_a-atexit.o)
 .ARM.attributes
                0x00000843       0x2e c:/program files (x86)/atmel/studio/7.0/toolchain/arm/arm-gnu-toolchain/bin/../lib/gcc/arm-none-eabi/4.9.3/../../../../arm-none-eabi/lib/armv7e-m\libc.a(lib_a-dtoa.o)
 .ARM.attributes
                0x00000871       0x2e c:/program files (x86)/atmel/studio/7.0/toolchain/arm/arm-gnu-toolchain/bin/../lib/gcc/arm-none-eabi/4.9.3/../../../../arm-none-eabi/lib/armv7e-m\libc.a(lib_a-fflush.o)
 .ARM.attributes
                0x0000089f       0x2e c:/program files (x86)/atmel/studio/7.0/toolchain/arm/arm-gnu-toolchain/bin/../lib/gcc/arm-none-eabi/4.9.3/../../../../arm-none-eabi/lib/armv7e-m\libc.a(lib_a-findfp.o)
 .ARM.attributes
                0x000008cd       0x2e c:/program files (x86)/atmel/studio/7.0/toolchain/arm/arm-gnu-toolchain/bin/../lib/gcc/arm-none-eabi/4.9.3/../../../../arm-none-eabi/lib/armv7e-m\libc.a(lib_a-fini.o)
 .ARM.attributes
                0x000008fb       0x2e c:/program files (x86)/atmel/studio/7.0/toolchain/arm/arm-gnu-toolchain/bin/../lib/gcc/arm-none-eabi/4.9.3/../../../../arm-none-eabi/lib/armv7e-m\libc.a(lib_a-fputwc.o)
 .ARM.attributes
                0x00000929       0x2e c:/program files (x86)/atmel/studio/7.0/toolchain/arm/arm-gnu-toolchain/bin/../lib/gcc/arm-none-eabi/4.9.3/../../../../arm-none-eabi/lib/armv7e-m\libc.a(lib_a-freer.o)
 .ARM.attributes
                0x00000957       0x2e c:/program files (x86)/atmel/studio/7.0/toolchain/arm/arm-gnu-toolchain/bin/../lib/gcc/arm-none-eabi/4.9.3/../../../../arm-none-eabi/lib/armv7e-m\libc.a(lib_a-fvwrite.o)
 .ARM.attributes
                0x00000985       0x2e c:/program files (x86)/atmel/studio/7.0/toolchain/arm/arm-gnu-toolchain/bin/../lib/gcc/arm-none-eabi/4.9.3/../../../../arm-none-eabi/lib/armv7e-m\libc.a(lib_a-fwalk.o)
 .ARM.attributes
                0x000009b3       0x2e c:/program files (x86)/atmel/studio/7.0/toolchain/arm/arm-gnu-toolchain/bin/../lib/gcc/arm-none-eabi/4.9.3/../../../../arm-none-eabi/lib/armv7e-m\libc.a(lib_a-locale.o)
 .ARM.attributes
                0x000009e1       0x2e c:/program files (x86)/atmel/studio/7.0/toolchain/arm/arm-gnu-toolchain/bin/../lib/gcc/arm-none-eabi/4.9.3/../../../../arm-none-eabi/lib/armv7e-m\libc.a(lib_a-makebuf.o)
 .ARM.attributes
                0x00000a0f       0x2e c:/program files (x86)/atmel/studio/7.0/toolchain/arm/arm-gnu-toolchain/bin/../lib/gcc/arm-none-eabi/4.9.3/../../../../arm-none-eabi/lib/armv7e-m\libc.a(lib_a-malloc.o)
 .ARM.attributes
                0x00000a3d       0x2e c:/program files (x86)/atmel/studio/7.0/toolchain/arm/arm-gnu-toolchain/bin/../lib/gcc/arm-none-eabi/4.9.3/../../../../arm-none-eabi/lib/armv7e-m\libc.a(lib_a-mallocr.o)
 .ARM.attributes
                0x00000a6b       0x2e c:/program files (x86)/atmel/studio/7.0/toolchain/arm/arm-gnu-toolchain/bin/../lib/gcc/arm-none-eabi/4.9.3/../../../../arm-none-eabi/lib/armv7e-m\libc.a(lib_a-memchr.o)
 .ARM.attributes
                0x00000a99       0x1c c:/program files (x86)/atmel/studio/7.0/toolchain/arm/arm-gnu-toolchain/bin/../lib/gcc/arm-none-eabi/4.9.3/../../../../arm-none-eabi/lib/armv7e-m\libc.a(lib_a-memcpy.o)
 .ARM.attributes
                0x00000ab5       0x2e c:/program files (x86)/atmel/studio/7.0/toolchain/arm/arm-gnu-toolchain/bin/../lib/gcc/arm-none-eabi/4.9.3/../../../../arm-none-eabi/lib/armv7e-m\libc.a(lib_a-memmove.o)
 .ARM.attributes
                0x00000ae3       0x2e c:/program files (x86)/atmel/studio/7.0/toolchain/arm/arm-gnu-toolchain/bin/../lib/gcc/arm-none-eabi/4.9.3/../../../../arm-none-eabi/lib/armv7e-m\libc.a(lib_a-mlock.o)
 .ARM.attributes
                0x00000b11       0x2e c:/program files (x86)/atmel/studio/7.0/toolchain/arm/arm-gnu-toolchain/bin/../lib/gcc/arm-none-eabi/4.9.3/../../../../arm-none-eabi/lib/armv7e-m\libc.a(lib_a-mprec.o)
 .ARM.attributes
                0x00000b3f       0x2e c:/program files (x86)/atmel/studio/7.0/toolchain/arm/arm-gnu-toolchain/bin/../lib/gcc/arm-none-eabi/4.9.3/../../../../arm-none-eabi/lib/armv7e-m\libc.a(lib_a-reallocr.o)
 .ARM.attributes
                0x00000b6d       0x2e c:/program files (x86)/atmel/studio/7.0/toolchain/arm/arm-gnu-toolchain/bin/../lib/gcc/arm-none-eabi/4.9.3/../../../../arm-none-eabi/lib/armv7e-m\libc.a(lib_a-s_fpclassify.o)
 .ARM.attributes
                0x00000b9b       0x2e c:/program files (x86)/atmel/studio/7.0/toolchain/arm/arm-gnu-toolchain/bin/../lib/gcc/arm-none-eabi/4.9.3/../../../../arm-none-eabi/lib/armv7e-m\libc.a(lib_a-sbrkr.o)
 .ARM.attributes
                0x00000bc9       0x2e c:/program files (x86)/atmel/studio/7.0/toolchain/arm/arm-gnu-toolchain/bin/../lib/gcc/arm-none-eabi/4.9.3/../../../../arm-none-eabi/lib/armv7e-m\libc.a(lib_a-stdio.o)
 .ARM.attributes
                0x00000bf7       0x2e c:/program files (x86)/atmel/studio/7.0/toolchain/arm/arm-gnu-toolchain/bin/../lib/gcc/arm-none-eabi/4.9.3/../../../../arm-none-eabi/lib/armv7e-m\libc.a(lib_a-strlen.o)
 .ARM.attributes
                0x00000c25       0x2e c:/program files (x86)/atmel/studio/7.0/toolchain/arm/arm-gnu-toolchain/bin/../lib/gcc/arm-none-eabi/4.9.3/../../../../arm-none-eabi/lib/armv7e-m\libc.a(lib_a-svfiprintf.o)
 .ARM.attributes
                0x00000c53       0x2e c:/program files (x86)/atmel/studio/7.0/toolchain/arm/arm-gnu-toolchain/bin/../lib/gcc/arm-none-eabi/4.9.3/../../../../arm-none-eabi/lib/armv7e-m\libc.a(lib_a-wbuf.o)
 .ARM.attributes
                0x00000c81       0x2e c:/program files (x86)/atmel/studio/7.0/toolchain/arm/arm-gnu-toolchain/bin/../lib/gcc/arm-none-eabi/4.9.3/../../../../arm-none-eabi/lib/armv7e-m\libc.a(lib_a-wcrtomb.o)
 .ARM.attributes
                0x00000caf       0x2e c:/program files (x86)/atmel/studio/7.0/toolchain/arm/arm-gnu-toolchain/bin/../lib/gcc/arm-none-eabi/4.9.3/../../../../arm-none-eabi/lib/armv7e-m\libc.a(lib_a-wctomb_r.o)
 .ARM.attributes
                0x00000cdd       0x2e c:/program files (x86)/atmel/studio/7.0/toolchain/arm/arm-gnu-toolchain/bin/../lib/gcc/arm-none-eabi/4.9.3/../../../../arm-none-eabi/lib/armv7e-m\libc.a(lib_a-writer.o)
 .ARM.attributes
                0x00000d0b       0x2e c:/program files (x86)/atmel/studio/7.0/toolchain/arm/arm-gnu-toolchain/bin/../lib/gcc/arm-none-eabi/4.9.3/../../../../arm-none-eabi/lib/armv7e-m\libc.a(lib_a-__atexit.o)
 .ARM.attributes
                0x00000d39       0x2e c:/program files (x86)/atmel/studio/7.0/toolchain/arm/arm-gnu-toolchain/bin/../lib/gcc/arm-none-eabi/4.9.3/../../../../arm-none-eabi/lib/armv7e-m\libc.a(lib_a-callocr.o)
 .ARM.attributes
                0x00000d67       0x2e c:/program files (x86)/atmel/studio/7.0/toolchain/arm/arm-gnu-toolchain/bin/../lib/gcc/arm-none-eabi/4.9.3/../../../../arm-none-eabi/lib/armv7e-m\libc.a(lib_a-closer.o)
 .ARM.attributes
                0x00000d95       0x2e c:/program files (x86)/atmel/studio/7.0/toolchain/arm/arm-gnu-toolchain/bin/../lib/gcc/arm-none-eabi/4.9.3/../../../../arm-none-eabi/lib/armv7e-m\libc.a(lib_a-fclose.o)
 .ARM.attributes
                0x00000dc3       0x2e c:/program files (x86)/atmel/studio/7.0/toolchain/arm/arm-gnu-toolchain/bin/../lib/gcc/arm-none-eabi/4.9.3/../../../../arm-none-eabi/lib/armv7e-m\libc.a(lib_a-fstatr.o)
 .ARM.attributes
                0x00000df1       0x2e c:/program files (x86)/atmel/studio/7.0/toolchain/arm/arm-gnu-toolchain/bin/../lib/gcc/arm-none-eabi/4.9.3/../../../../arm-none-eabi/lib/armv7e-m\libc.a(lib_a-isattyr.o)
 .ARM.attributes
                0x00000e1f       0x2e c:/program files (x86)/atmel/studio/7.0/toolchain/arm/arm-gnu-toolchain/bin/../lib/gcc/arm-none-eabi/4.9.3/../../../../arm-none-eabi/lib/armv7e-m\libc.a(lib_a-lseekr.o)
 .ARM.attributes
                0x00000e4d       0x2e c:/program files (x86)/atmel/studio/7.0/toolchain/arm/arm-gnu-toolchain/bin/../lib/gcc/arm-none-eabi/4.9.3/../../../../arm-none-eabi/lib/armv7e-m\libc.a(lib_a-readr.o)
 .ARM.attributes
                0x00000e7b       0x2e c:/program files (x86)/atmel/studio/7.0/toolchain/arm/arm-gnu-toolchain/bin/../lib/gcc/arm-none-eabi/4.9.3/../../../../arm-none-eabi/lib/armv7e-m\libc.a(lib_a-reent.o)
 .ARM.attributes
                0x00000ea9       0x1e c:/program files (x86)/atmel/studio/7.0/toolchain/arm/arm-gnu-toolchain/bin/../lib/gcc/arm-none-eabi/4.9.3/armv7e-m\libgcc.a(_arm_cmpdf2.o)
 .ARM.attributes
                0x00000ec7       0x1e c:/program files (x86)/atmel/studio/7.0/toolchain/arm/arm-gnu-toolchain/bin/../lib/gcc/arm-none-eabi/4.9.3/armv7e-m\libgcc.a(_aeabi_uldivmod.o)
 .ARM.attributes
                0x00000ee5       0x2e c:/program files (x86)/atmel/studio/7.0/toolchain/arm/arm-gnu-toolchain/bin/../lib/gcc/arm-none-eabi/4.9.3/armv7e-m\libgcc.a(bpabi.o)
 .ARM.attributes
                0x00000f13       0x1e c:/program files (x86)/atmel/studio/7.0/toolchain/arm/arm-gnu-toolchain/bin/../lib/gcc/arm-none-eabi/4.9.3/armv7e-m\libgcc.a(_dvmd_tls.o)
 .ARM.attributes
                0x00000f31       0x2e c:/program files (x86)/atmel/studio/7.0/toolchain/arm/arm-gnu-toolchain/bin/../lib/gcc/arm-none-eabi/4.9.3/armv7e-m\libgcc.a(_divdi3.o)
 .ARM.attributes
                0x00000f5f       0x2e c:/program files (x86)/atmel/studio/7.0/toolchain/arm/arm-gnu-toolchain/bin/../lib/gcc/arm-none-eabi/4.9.3/armv7e-m\libgcc.a(_udivdi3.o)
 .ARM.attributes
                0x00000f8d       0x1e c:/program files (x86)/atmel/studio/7.0/toolchain/arm/arm-gnu-toolchain/bin/../lib/gcc/arm-none-eabi/4.9.3/armv7e-m/crtn.o

.comment        0x00000000       0x5b
 .comment       0x00000000       0x5b src/ASF/common/components/memory/sd_mmc/sd_mmc.o
                                 0x5c (size before relaxing)
 .comment       0x00000000       0x5c src/ASF/common/components/memory/sd_mmc/sd_mmc_mem.o
 .comment       0x00000000       0x5c src/ASF/common/services/clock/sam4s/sysclk.o
 .comment       0x00000000       0x5c src/ASF/common/services/delay/sam/cycle_counter.o
 .comment       0x00000000       0x5c src/ASF/common/services/storage/ctrl_access/ctrl_access.o
 .comment       0x00000000       0x5c src/ASF/common/utils/interrupt/interrupt_sam_nvic.o
 .comment       0x00000000       0x5c src/ASF/common/utils/stdio/read.o
 .comment       0x00000000       0x5c src/ASF/common/utils/stdio/write.o
 .comment       0x00000000       0x5c src/ASF/sam/boards/sam4s_ek/init.o
 .comment       0x00000000       0x5c src/ASF/sam/drivers/dacc/dacc.o
 .comment       0x00000000       0x5c src/ASF/sam/drivers/hsmci/hsmci.o
 .comment       0x00000000       0x5c src/ASF/sam/drivers/pio/pio.o
 .comment       0x00000000       0x5c src/ASF/sam/drivers/pio/pio_handler.o
 .comment       0x00000000       0x5c src/ASF/sam/drivers/pmc/pmc.o
 .comment       0x00000000       0x5c src/ASF/sam/drivers/rtc/rtc.o
 .comment       0x00000000       0x5c src/ASF/sam/drivers/uart/uart.o
 .comment       0x00000000       0x5c src/ASF/sam/drivers/usart/usart.o
 .comment       0x00000000       0x5c src/ASF/sam/utils/cmsis/sam4s/source/templates/gcc/startup_sam4s.o
 .comment       0x00000000       0x5c src/ASF/sam/utils/cmsis/sam4s/source/templates/system_sam4s.o
 .comment       0x00000000       0x5c src/ASF/sam/utils/syscalls/gcc/syscalls.o
 .comment       0x00000000       0x5c src/ASF/thirdparty/fatfs/fatfs-port-r0.09/diskio.o
 .comment       0x00000000       0x5c src/ASF/thirdparty/fatfs/fatfs-port-r0.09/sam/fattime_rtc.o
 .comment       0x00000000       0x5c src/ASF/thirdparty/fatfs/fatfs-r0.09/src/ff.o
 .comment       0x00000000       0x5c src/ASF/thirdparty/fatfs/fatfs-r0.09/src/option/ccsbcs.o
 .comment       0x00000000       0x5c src/example.o

.debug_info     0x00000000    0x13120
 .debug_info    0x00000000     0x1e48 src/ASF/common/components/memory/sd_mmc/sd_mmc.o
 .debug_info    0x00001e48      0x7ab src/ASF/common/components/memory/sd_mmc/sd_mmc_mem.o
 .debug_info    0x000025f3      0x736 src/ASF/common/services/clock/sam4s/sysclk.o
 .debug_info    0x00002d29      0x134 src/ASF/common/services/delay/sam/cycle_counter.o
 .debug_info    0x00002e5d      0x591 src/ASF/common/services/storage/ctrl_access/ctrl_access.o
 .debug_info    0x000033ee      0x1e8 src/ASF/common/utils/interrupt/interrupt_sam_nvic.o
 .debug_info    0x000035d6      0x1be src/ASF/common/utils/stdio/read.o
 .debug_info    0x00003794      0x1c0 src/ASF/common/utils/stdio/write.o
 .debug_info    0x00003954      0x8eb src/ASF/sam/boards/sam4s_ek/init.o
 .debug_info    0x0000423f      0x841 src/ASF/sam/drivers/dacc/dacc.o
 .debug_info    0x00004a80     0x1444 src/ASF/sam/drivers/hsmci/hsmci.o
 .debug_info    0x00005ec4     0x1951 src/ASF/sam/drivers/pio/pio.o
 .debug_info    0x00007815      0xf71 src/ASF/sam/drivers/pio/pio_handler.o
 .debug_info    0x00008786     0x10d2 src/ASF/sam/drivers/pmc/pmc.o
 .debug_info    0x00009858      0x8c0 src/ASF/sam/drivers/rtc/rtc.o
 .debug_info    0x0000a118      0x863 src/ASF/sam/drivers/uart/uart.o
 .debug_info    0x0000a97b     0x1775 src/ASF/sam/drivers/usart/usart.o
 .debug_info    0x0000c0f0      0x68d src/ASF/sam/utils/cmsis/sam4s/source/templates/gcc/startup_sam4s.o
 .debug_info    0x0000c77d      0x469 src/ASF/sam/utils/cmsis/sam4s/source/templates/system_sam4s.o
 .debug_info    0x0000cbe6      0x43f src/ASF/sam/utils/syscalls/gcc/syscalls.o
 .debug_info    0x0000d025      0x576 src/ASF/thirdparty/fatfs/fatfs-port-r0.09/diskio.o
 .debug_info    0x0000d59b      0x2b0 src/ASF/thirdparty/fatfs/fatfs-port-r0.09/sam/fattime_rtc.o
 .debug_info    0x0000d84b     0x3348 src/ASF/thirdparty/fatfs/fatfs-r0.09/src/ff.o
 .debug_info    0x00010b93      0x171 src/ASF/thirdparty/fatfs/fatfs-r0.09/src/option/ccsbcs.o
 .debug_info    0x00010d04     0x241c src/example.o

.debug_abbrev   0x00000000     0x324f
 .debug_abbrev  0x00000000      0x3eb src/ASF/common/components/memory/sd_mmc/sd_mmc.o
 .debug_abbrev  0x000003eb      0x1f1 src/ASF/common/components/memory/sd_mmc/sd_mmc_mem.o
 .debug_abbrev  0x000005dc      0x221 src/ASF/common/services/clock/sam4s/sysclk.o
 .debug_abbrev  0x000007fd       0x9d src/ASF/common/services/delay/sam/cycle_counter.o
 .debug_abbrev  0x0000089a      0x1c2 src/ASF/common/services/storage/ctrl_access/ctrl_access.o
 .debug_abbrev  0x00000a5c       0xef src/ASF/common/utils/interrupt/interrupt_sam_nvic.o
 .debug_abbrev  0x00000b4b      0x101 src/ASF/common/utils/stdio/read.o
 .debug_abbrev  0x00000c4c       0xf5 src/ASF/common/utils/stdio/write.o
 .debug_abbrev  0x00000d41      0x17c src/ASF/sam/boards/sam4s_ek/init.o
 .debug_abbrev  0x00000ebd      0x1c6 src/ASF/sam/drivers/dacc/dacc.o
 .debug_abbrev  0x00001083      0x401 src/ASF/sam/drivers/hsmci/hsmci.o
 .debug_abbrev  0x00001484      0x30b src/ASF/sam/drivers/pio/pio.o
 .debug_abbrev  0x0000178f      0x280 src/ASF/sam/drivers/pio/pio_handler.o
 .debug_abbrev  0x00001a0f      0x277 src/ASF/sam/drivers/pmc/pmc.o
 .debug_abbrev  0x00001c86      0x1df src/ASF/sam/drivers/rtc/rtc.o
 .debug_abbrev  0x00001e65      0x1bd src/ASF/sam/drivers/uart/uart.o
 .debug_abbrev  0x00002022      0x318 src/ASF/sam/drivers/usart/usart.o
 .debug_abbrev  0x0000233a      0x168 src/ASF/sam/utils/cmsis/sam4s/source/templates/gcc/startup_sam4s.o
 .debug_abbrev  0x000024a2       0xf5 src/ASF/sam/utils/cmsis/sam4s/source/templates/system_sam4s.o
 .debug_abbrev  0x00002597      0x14e src/ASF/sam/utils/syscalls/gcc/syscalls.o
 .debug_abbrev  0x000026e5      0x1c6 src/ASF/thirdparty/fatfs/fatfs-port-r0.09/diskio.o
 .debug_abbrev  0x000028ab       0xf5 src/ASF/thirdparty/fatfs/fatfs-port-r0.09/sam/fattime_rtc.o
 .debug_abbrev  0x000029a0      0x353 src/ASF/thirdparty/fatfs/fatfs-r0.09/src/ff.o
 .debug_abbrev  0x00002cf3       0xad src/ASF/thirdparty/fatfs/fatfs-r0.09/src/option/ccsbcs.o
 .debug_abbrev  0x00002da0      0x4af src/example.o

.debug_loc      0x00000000     0xdd5e
 .debug_loc     0x00000000     0x1832 src/ASF/common/components/memory/sd_mmc/sd_mmc.o
 .debug_loc     0x00001832      0x5b5 src/ASF/common/components/memory/sd_mmc/sd_mmc_mem.o
 .debug_loc     0x00001de7       0xed src/ASF/common/services/clock/sam4s/sysclk.o
 .debug_loc     0x00001ed4      0x455 src/ASF/common/services/storage/ctrl_access/ctrl_access.o
 .debug_loc     0x00002329       0x1e src/ASF/common/utils/interrupt/interrupt_sam_nvic.o
 .debug_loc     0x00002347      0x107 src/ASF/common/utils/stdio/read.o
 .debug_loc     0x0000244e      0x15d src/ASF/common/utils/stdio/write.o
 .debug_loc     0x000025ab       0x20 src/ASF/sam/boards/sam4s_ek/init.o
 .debug_loc     0x000025cb      0x33a src/ASF/sam/drivers/dacc/dacc.o
 .debug_loc     0x00002905      0x9ce src/ASF/sam/drivers/hsmci/hsmci.o
 .debug_loc     0x000032d3      0xdd7 src/ASF/sam/drivers/pio/pio.o
 .debug_loc     0x000040aa      0x553 src/ASF/sam/drivers/pio/pio_handler.o
 .debug_loc     0x000045fd      0xd88 src/ASF/sam/drivers/pmc/pmc.o
 .debug_loc     0x00005385      0x9c0 src/ASF/sam/drivers/rtc/rtc.o
 .debug_loc     0x00005d45      0x277 src/ASF/sam/drivers/uart/uart.o
 .debug_loc     0x00005fbc      0xf46 src/ASF/sam/drivers/usart/usart.o
 .debug_loc     0x00006f02       0xc6 src/ASF/sam/utils/cmsis/sam4s/source/templates/gcc/startup_sam4s.o
 .debug_loc     0x00006fc8      0x12b src/ASF/sam/utils/syscalls/gcc/syscalls.o
 .debug_loc     0x000070f3      0x5a3 src/ASF/thirdparty/fatfs/fatfs-port-r0.09/diskio.o
 .debug_loc     0x00007696       0x5d src/ASF/thirdparty/fatfs/fatfs-port-r0.09/sam/fattime_rtc.o
 .debug_loc     0x000076f3     0x608b src/ASF/thirdparty/fatfs/fatfs-r0.09/src/ff.o
 .debug_loc     0x0000d77e      0x160 src/ASF/thirdparty/fatfs/fatfs-r0.09/src/option/ccsbcs.o
 .debug_loc     0x0000d8de      0x480 src/example.o

.debug_aranges  0x00000000      0xed8
 .debug_aranges
                0x00000000       0xa0 src/ASF/common/components/memory/sd_mmc/sd_mmc.o
 .debug_aranges
                0x000000a0       0xc0 src/ASF/common/components/memory/sd_mmc/sd_mmc_mem.o
 .debug_aranges
                0x00000160       0x30 src/ASF/common/services/clock/sam4s/sysclk.o
 .debug_aranges
                0x00000190       0x20 src/ASF/common/services/delay/sam/cycle_counter.o
 .debug_aranges
                0x000001b0       0x70 src/ASF/common/services/storage/ctrl_access/ctrl_access.o
 .debug_aranges
                0x00000220       0x28 src/ASF/common/utils/interrupt/interrupt_sam_nvic.o
 .debug_aranges
                0x00000248       0x20 src/ASF/common/utils/stdio/read.o
 .debug_aranges
                0x00000268       0x20 src/ASF/common/utils/stdio/write.o
 .debug_aranges
                0x00000288       0x20 src/ASF/sam/boards/sam4s_ek/init.o
 .debug_aranges
                0x000002a8       0xb8 src/ASF/sam/drivers/dacc/dacc.o
 .debug_aranges
                0x00000360       0xb0 src/ASF/sam/drivers/hsmci/hsmci.o
 .debug_aranges
                0x00000410      0x1a8 src/ASF/sam/drivers/pio/pio.o
 .debug_aranges
                0x000005b8       0x58 src/ASF/sam/drivers/pio/pio_handler.o
 .debug_aranges
                0x00000610      0x208 src/ASF/sam/drivers/pmc/pmc.o
 .debug_aranges
                0x00000818       0xd0 src/ASF/sam/drivers/rtc/rtc.o
 .debug_aranges
                0x000008e8       0xe8 src/ASF/sam/drivers/uart/uart.o
 .debug_aranges
                0x000009d0      0x210 src/ASF/sam/drivers/usart/usart.o
 .debug_aranges
                0x00000be0       0x28 src/ASF/sam/utils/cmsis/sam4s/source/templates/gcc/startup_sam4s.o
 .debug_aranges
                0x00000c08       0x30 src/ASF/sam/utils/cmsis/sam4s/source/templates/system_sam4s.o
 .debug_aranges
                0x00000c38       0x60 src/ASF/sam/utils/syscalls/gcc/syscalls.o
 .debug_aranges
                0x00000c98       0x40 src/ASF/thirdparty/fatfs/fatfs-port-r0.09/diskio.o
 .debug_aranges
                0x00000cd8       0x20 src/ASF/thirdparty/fatfs/fatfs-port-r0.09/sam/fattime_rtc.o
 .debug_aranges
                0x00000cf8      0x170 src/ASF/thirdparty/fatfs/fatfs-r0.09/src/ff.o
 .debug_aranges
                0x00000e68       0x28 src/ASF/thirdparty/fatfs/fatfs-r0.09/src/option/ccsbcs.o
 .debug_aranges
                0x00000e90       0x48 src/example.o

.debug_ranges   0x00000000      0xec0
 .debug_ranges  0x00000000      0x158 src/ASF/common/components/memory/sd_mmc/sd_mmc.o